Archive member included to satisfy reference by file (symbol)

/opt/st/stm32cubeide_1.3.0/plugins/com.st.stm32cube.ide.mcu.externaltools.gnu-tools-for-stm32.7-2018-q2-update.linux64_1.0.0.201904181610/tools/bin/../lib/gcc/arm-none-eabi/7.3.1/../../../../arm-none-eabi/lib/thumb/v7-m/libc_nano.a(lib_a-errno.o)
                              Core/Src/syscalls.o (__errno)
/opt/st/stm32cubeide_1.3.0/plugins/com.st.stm32cube.ide.mcu.externaltools.gnu-tools-for-stm32.7-2018-q2-update.linux64_1.0.0.201904181610/tools/bin/../lib/gcc/arm-none-eabi/7.3.1/../../../../arm-none-eabi/lib/thumb/v7-m/libc_nano.a(lib_a-exit.o)
                              /opt/st/stm32cubeide_1.3.0/plugins/com.st.stm32cube.ide.mcu.externaltools.gnu-tools-for-stm32.7-2018-q2-update.linux64_1.0.0.201904181610/tools/bin/../lib/gcc/arm-none-eabi/7.3.1/../../../../arm-none-eabi/lib/thumb/v7-m/crt0.o (exit)
/opt/st/stm32cubeide_1.3.0/plugins/com.st.stm32cube.ide.mcu.externaltools.gnu-tools-for-stm32.7-2018-q2-update.linux64_1.0.0.201904181610/tools/bin/../lib/gcc/arm-none-eabi/7.3.1/../../../../arm-none-eabi/lib/thumb/v7-m/libc_nano.a(lib_a-impure.o)
                              /opt/st/stm32cubeide_1.3.0/plugins/com.st.stm32cube.ide.mcu.externaltools.gnu-tools-for-stm32.7-2018-q2-update.linux64_1.0.0.201904181610/tools/bin/../lib/gcc/arm-none-eabi/7.3.1/../../../../arm-none-eabi/lib/thumb/v7-m/libc_nano.a(lib_a-exit.o) (_global_impure_ptr)
/opt/st/stm32cubeide_1.3.0/plugins/com.st.stm32cube.ide.mcu.externaltools.gnu-tools-for-stm32.7-2018-q2-update.linux64_1.0.0.201904181610/tools/bin/../lib/gcc/arm-none-eabi/7.3.1/../../../../arm-none-eabi/lib/thumb/v7-m/libc_nano.a(lib_a-init.o)
                              /opt/st/stm32cubeide_1.3.0/plugins/com.st.stm32cube.ide.mcu.externaltools.gnu-tools-for-stm32.7-2018-q2-update.linux64_1.0.0.201904181610/tools/bin/../lib/gcc/arm-none-eabi/7.3.1/../../../../arm-none-eabi/lib/thumb/v7-m/crt0.o (__libc_init_array)
/opt/st/stm32cubeide_1.3.0/plugins/com.st.stm32cube.ide.mcu.externaltools.gnu-tools-for-stm32.7-2018-q2-update.linux64_1.0.0.201904181610/tools/bin/../lib/gcc/arm-none-eabi/7.3.1/../../../../arm-none-eabi/lib/thumb/v7-m/libc_nano.a(lib_a-memset.o)
                              /opt/st/stm32cubeide_1.3.0/plugins/com.st.stm32cube.ide.mcu.externaltools.gnu-tools-for-stm32.7-2018-q2-update.linux64_1.0.0.201904181610/tools/bin/../lib/gcc/arm-none-eabi/7.3.1/../../../../arm-none-eabi/lib/thumb/v7-m/crt0.o (memset)

Allocating common symbols
Common symbol       size              file

hUsbDeviceFS        0x2c4             USB_DEVICE/App/usb_device.o
uwTick              0x4               Drivers/STM32F1xx_HAL_Driver/Src/stm32f1xx_hal.o
pFlash              0x20              Drivers/STM32F1xx_HAL_Driver/Src/stm32f1xx_hal_flash.o
USB_RX_Ready        0x1               Core/Src/main.o
huart1              0x40              Core/Src/main.o
USB_RX_Buffer       0x40              Core/Src/main.o
USB_TX_Buffer       0x40              Core/Src/main.o
hpcd_USB_FS         0x2ec             USB_DEVICE/Target/usbd_conf.o
USBD_StrDesc        0x200             USB_DEVICE/App/usbd_desc.o

Discarded input sections

 .text          0x0000000000000000        0x0 /opt/st/stm32cubeide_1.3.0/plugins/com.st.stm32cube.ide.mcu.externaltools.gnu-tools-for-stm32.7-2018-q2-update.linux64_1.0.0.201904181610/tools/bin/../lib/gcc/arm-none-eabi/7.3.1/thumb/v7-m/crti.o
 .data          0x0000000000000000        0x0 /opt/st/stm32cubeide_1.3.0/plugins/com.st.stm32cube.ide.mcu.externaltools.gnu-tools-for-stm32.7-2018-q2-update.linux64_1.0.0.201904181610/tools/bin/../lib/gcc/arm-none-eabi/7.3.1/thumb/v7-m/crti.o
 .bss           0x0000000000000000        0x0 /opt/st/stm32cubeide_1.3.0/plugins/com.st.stm32cube.ide.mcu.externaltools.gnu-tools-for-stm32.7-2018-q2-update.linux64_1.0.0.201904181610/tools/bin/../lib/gcc/arm-none-eabi/7.3.1/thumb/v7-m/crti.o
 .data          0x0000000000000000        0x4 /opt/st/stm32cubeide_1.3.0/plugins/com.st.stm32cube.ide.mcu.externaltools.gnu-tools-for-stm32.7-2018-q2-update.linux64_1.0.0.201904181610/tools/bin/../lib/gcc/arm-none-eabi/7.3.1/thumb/v7-m/crtbegin.o
 .text          0x0000000000000000       0x74 /opt/st/stm32cubeide_1.3.0/plugins/com.st.stm32cube.ide.mcu.externaltools.gnu-tools-for-stm32.7-2018-q2-update.linux64_1.0.0.201904181610/tools/bin/../lib/gcc/arm-none-eabi/7.3.1/../../../../arm-none-eabi/lib/thumb/v7-m/crt0.o
 .data          0x0000000000000000        0x0 /opt/st/stm32cubeide_1.3.0/plugins/com.st.stm32cube.ide.mcu.externaltools.gnu-tools-for-stm32.7-2018-q2-update.linux64_1.0.0.201904181610/tools/bin/../lib/gcc/arm-none-eabi/7.3.1/../../../../arm-none-eabi/lib/thumb/v7-m/crt0.o
 .bss           0x0000000000000000        0x0 /opt/st/stm32cubeide_1.3.0/plugins/com.st.stm32cube.ide.mcu.externaltools.gnu-tools-for-stm32.7-2018-q2-update.linux64_1.0.0.201904181610/tools/bin/../lib/gcc/arm-none-eabi/7.3.1/../../../../arm-none-eabi/lib/thumb/v7-m/crt0.o
[...]
Memory Configuration

Name             Origin             Length             Attributes
RAM              0x0000000020000000 0x0000000000005000 xrw
FLASH            0x0000000008000000 0x0000000000010000 xr
*default*        0x0000000000000000 0xffffffffffffffff

Linker script and memory map

LOAD /opt/st/stm32cubeide_1.3.0/plugins/com.st.stm32cube.ide.mcu.externaltools.gnu-tools-for-stm32.7-2018-q2-update.linux64_1.0.0.201904181610/tools/bin/../lib/gcc/arm-none-eabi/7.3.1/thumb/v7-m/crti.o
LOAD /opt/st/stm32cubeide_1.3.0/plugins/com.st.stm32cube.ide.mcu.externaltools.gnu-tools-for-stm32.7-2018-q2-update.linux64_1.0.0.201904181610/tools/bin/../lib/gcc/arm-none-eabi/7.3.1/thumb/v7-m/crtbegin.o
LOAD /opt/st/stm32cubeide_1.3.0/plugins/com.st.stm32cube.ide.mcu.externaltools.gnu-tools-for-stm32.7-2018-q2-update.linux64_1.0.0.201904181610/tools/bin/../lib/gcc/arm-none-eabi/7.3.1/../../../../arm-none-eabi/lib/thumb/v7-m/crt0.o
LOAD Core/Src/main.o
LOAD Core/Src/stm32f1xx_hal_msp.o
LOAD Core/Src/stm32f1xx_it.o
LOAD Core/Src/syscalls.o
LOAD Core/Src/sysmem.o
LOAD Core/Src/system_stm32f1xx.o
LOAD Core/Startup/startup_stm32f103c8tx.o
LOAD Drivers/STM32F1xx_HAL_Driver/Src/stm32f1xx_hal.o
LOAD Drivers/STM32F1xx_HAL_Driver/Src/stm32f1xx_hal_cortex.o
LOAD Drivers/STM32F1xx_HAL_Driver/Src/stm32f1xx_hal_dma.o
LOAD Drivers/STM32F1xx_HAL_Driver/Src/stm32f1xx_hal_exti.o
LOAD Drivers/STM32F1xx_HAL_Driver/Src/stm32f1xx_hal_flash.o
LOAD Drivers/STM32F1xx_HAL_Driver/Src/stm32f1xx_hal_flash_ex.o
LOAD Drivers/STM32F1xx_HAL_Driver/Src/stm32f1xx_hal_gpio.o
LOAD Drivers/STM32F1xx_HAL_Driver/Src/stm32f1xx_hal_gpio_ex.o
LOAD Drivers/STM32F1xx_HAL_Driver/Src/stm32f1xx_hal_pcd.o
LOAD Drivers/STM32F1xx_HAL_Driver/Src/stm32f1xx_hal_pcd_ex.o
LOAD Drivers/STM32F1xx_HAL_Driver/Src/stm32f1xx_hal_pwr.o
LOAD Drivers/STM32F1xx_HAL_Driver/Src/stm32f1xx_hal_rcc.o
LOAD Drivers/STM32F1xx_HAL_Driver/Src/stm32f1xx_hal_rcc_ex.o
LOAD Drivers/STM32F1xx_HAL_Driver/Src/stm32f1xx_hal_tim.o
LOAD Drivers/STM32F1xx_HAL_Driver/Src/stm32f1xx_hal_tim_ex.o
LOAD Drivers/STM32F1xx_HAL_Driver/Src/stm32f1xx_hal_uart.o
LOAD Drivers/STM32F1xx_HAL_Driver/Src/stm32f1xx_ll_usb.o
LOAD Middlewares/ST/STM32_USB_Device_Library/Class/CustomHID/Src/usbd_customhid.o
LOAD Middlewares/ST/STM32_USB_Device_Library/Core/Src/usbd_core.o
LOAD Middlewares/ST/STM32_USB_Device_Library/Core/Src/usbd_ctlreq.o
LOAD Middlewares/ST/STM32_USB_Device_Library/Core/Src/usbd_ioreq.o
LOAD USB_DEVICE/App/usb_device.o
LOAD USB_DEVICE/App/usbd_custom_hid_if.o
LOAD USB_DEVICE/App/usbd_desc.o
LOAD USB_DEVICE/Target/usbd_conf.o
START GROUP
LOAD /opt/st/stm32cubeide_1.3.0/plugins/com.st.stm32cube.ide.mcu.externaltools.gnu-tools-for-stm32.7-2018-q2-update.linux64_1.0.0.201904181610/tools/bin/../lib/gcc/arm-none-eabi/7.3.1/../../../../arm-none-eabi/lib/thumb/v7-m/libstdc++_nano.a
LOAD /opt/st/stm32cubeide_1.3.0/plugins/com.st.stm32cube.ide.mcu.externaltools.gnu-tools-for-stm32.7-2018-q2-update.linux64_1.0.0.201904181610/tools/bin/../lib/gcc/arm-none-eabi/7.3.1/../../../../arm-none-eabi/lib/thumb/v7-m/libsupc++_nano.a
END GROUP
LOAD /opt/st/stm32cubeide_1.3.0/plugins/com.st.stm32cube.ide.mcu.externaltools.gnu-tools-for-stm32.7-2018-q2-update.linux64_1.0.0.201904181610/tools/bin/../lib/gcc/arm-none-eabi/7.3.1/../../../../arm-none-eabi/lib/thumb/v7-m/libstdc++_nano.a
LOAD /opt/st/stm32cubeide_1.3.0/plugins/com.st.stm32cube.ide.mcu.externaltools.gnu-tools-for-stm32.7-2018-q2-update.linux64_1.0.0.201904181610/tools/bin/../lib/gcc/arm-none-eabi/7.3.1/../../../../arm-none-eabi/lib/thumb/v7-m/libm.a
LOAD /opt/st/stm32cubeide_1.3.0/plugins/com.st.stm32cube.ide.mcu.externaltools.gnu-tools-for-stm32.7-2018-q2-update.linux64_1.0.0.201904181610/tools/bin/../lib/gcc/arm-none-eabi/7.3.1/../../../../arm-none-eabi/lib/thumb/v7-m/libc_nano.a
START GROUP
LOAD /opt/st/stm32cubeide_1.3.0/plugins/com.st.stm32cube.ide.mcu.externaltools.gnu-tools-for-stm32.7-2018-q2-update.linux64_1.0.0.201904181610/tools/bin/../lib/gcc/arm-none-eabi/7.3.1/thumb/v7-m/libgcc.a
LOAD /opt/st/stm32cubeide_1.3.0/plugins/com.st.stm32cube.ide.mcu.externaltools.gnu-tools-for-stm32.7-2018-q2-update.linux64_1.0.0.201904181610/tools/bin/../lib/gcc/arm-none-eabi/7.3.1/../../../../arm-none-eabi/lib/thumb/v7-m/libc_nano.a
END GROUP
START GROUP
LOAD /opt/st/stm32cubeide_1.3.0/plugins/com.st.stm32cube.ide.mcu.externaltools.gnu-tools-for-stm32.7-2018-q2-update.linux64_1.0.0.201904181610/tools/bin/../lib/gcc/arm-none-eabi/7.3.1/thumb/v7-m/libgcc.a
LOAD /opt/st/stm32cubeide_1.3.0/plugins/com.st.stm32cube.ide.mcu.externaltools.gnu-tools-for-stm32.7-2018-q2-update.linux64_1.0.0.201904181610/tools/bin/../lib/gcc/arm-none-eabi/7.3.1/../../../../arm-none-eabi/lib/thumb/v7-m/libc_nano.a
LOAD /opt/st/stm32cubeide_1.3.0/plugins/com.st.stm32cube.ide.mcu.externaltools.gnu-tools-for-stm32.7-2018-q2-update.linux64_1.0.0.201904181610/tools/bin/../lib/gcc/arm-none-eabi/7.3.1/../../../../arm-none-eabi/lib/thumb/v7-m/libnosys.a
END GROUP
START GROUP
LOAD /opt/st/stm32cubeide_1.3.0/plugins/com.st.stm32cube.ide.mcu.externaltools.gnu-tools-for-stm32.7-2018-q2-update.linux64_1.0.0.201904181610/tools/bin/../lib/gcc/arm-none-eabi/7.3.1/thumb/v7-m/libgcc.a
LOAD /opt/st/stm32cubeide_1.3.0/plugins/com.st.stm32cube.ide.mcu.externaltools.gnu-tools-for-stm32.7-2018-q2-update.linux64_1.0.0.201904181610/tools/bin/../lib/gcc/arm-none-eabi/7.3.1/../../../../arm-none-eabi/lib/thumb/v7-m/libc_nano.a
LOAD /opt/st/stm32cubeide_1.3.0/plugins/com.st.stm32cube.ide.mcu.externaltools.gnu-tools-for-stm32.7-2018-q2-update.linux64_1.0.0.201904181610/tools/bin/../lib/gcc/arm-none-eabi/7.3.1/../../../../arm-none-eabi/lib/thumb/v7-m/libnosys.a
END GROUP
LOAD /opt/st/stm32cubeide_1.3.0/plugins/com.st.stm32cube.ide.mcu.externaltools.gnu-tools-for-stm32.7-2018-q2-update.linux64_1.0.0.201904181610/tools/bin/../lib/gcc/arm-none-eabi/7.3.1/thumb/v7-m/crtend.o
LOAD /opt/st/stm32cubeide_1.3.0/plugins/com.st.stm32cube.ide.mcu.externaltools.gnu-tools-for-stm32.7-2018-q2-update.linux64_1.0.0.201904181610/tools/bin/../lib/gcc/arm-none-eabi/7.3.1/thumb/v7-m/crtn.o
                0x0000000020005000                _estack = (ORIGIN (RAM) + LENGTH (RAM))
                0x0000000000000200                _Min_Heap_Size = 0x200
                0x0000000000000400                _Min_Stack_Size = 0x400

.isr_vector     0x0000000008000000      0x10c
                0x0000000008000000                . = ALIGN (0x4)
 *(.isr_vector)
 .isr_vector    0x0000000008000000      0x10c Core/Startup/startup_stm32f103c8tx.o
                0x0000000008000000                g_pfnVectors
                0x000000000800010c                . = ALIGN (0x4)

.text           0x000000000800010c     0x72dc
                0x000000000800010c                . = ALIGN (0x4)
 *(.text)
 .text          0x000000000800010c       0x40 /opt/st/stm32cubeide_1.3.0/plugins/com.st.stm32cube.ide.mcu.externaltools.gnu-tools-for-stm32.7-2018-q2-update.linux64_1.0.0.201904181610/tools/bin/../lib/gcc/arm-none-eabi/7.3.1/thumb/v7-m/crtbegin.o
 *(.text*)
 .text.main     0x000000000800014c       0xcc Core/Src/main.o
                0x000000000800014c                main
 .text.SystemClock_Config
                0x0000000008000218       0xb4 Core/Src/main.o
                0x0000000008000218                SystemClock_Config
 .text.MX_USART1_UART_Init
                0x00000000080002cc       0x54 Core/Src/main.o
 .text.MX_GPIO_Init
                0x0000000008000320       0x98 Core/Src/main.o
 .text.Error_Handler
                0x00000000080003b8        0xc Core/Src/main.o
                0x00000000080003b8                Error_Handler
 .text.HAL_MspInit
                0x00000000080003c4       0x64 Core/Src/stm32f1xx_hal_msp.o
                0x00000000080003c4                HAL_MspInit
 .text.HAL_UART_MspInit
                0x0000000008000428       0xa8 Core/Src/stm32f1xx_hal_msp.o
                0x0000000008000428                HAL_UART_MspInit
 .text.NMI_Handler
                0x00000000080004d0        0xc Core/Src/stm32f1xx_it.o
                0x00000000080004d0                NMI_Handler
 .text.HardFault_Handler
                0x00000000080004dc        0x6 Core/Src/stm32f1xx_it.o
                0x00000000080004dc                HardFault_Handler
 .text.MemManage_Handler
                0x00000000080004e2        0x6 Core/Src/stm32f1xx_it.o
                0x00000000080004e2                MemManage_Handler
 .text.BusFault_Handler
                0x00000000080004e8        0x6 Core/Src/stm32f1xx_it.o
                0x00000000080004e8                BusFault_Handler
 .text.UsageFault_Handler
                0x00000000080004ee        0x6 Core/Src/stm32f1xx_it.o
                0x00000000080004ee                UsageFault_Handler
 .text.SVC_Handler
                0x00000000080004f4        0xc Core/Src/stm32f1xx_it.o
                0x00000000080004f4                SVC_Handler
 .text.DebugMon_Handler
                0x0000000008000500        0xc Core/Src/stm32f1xx_it.o
                0x0000000008000500                DebugMon_Handler
 .text.PendSV_Handler
                0x000000000800050c        0xc Core/Src/stm32f1xx_it.o
                0x000000000800050c                PendSV_Handler
 .text.SysTick_Handler
                0x0000000008000518        0xc Core/Src/stm32f1xx_it.o
                0x0000000008000518                SysTick_Handler
 .text.USB_LP_CAN1_RX0_IRQHandler
                0x0000000008000524       0x14 Core/Src/stm32f1xx_it.o
                0x0000000008000524                USB_LP_CAN1_RX0_IRQHandler
 .text.USART1_IRQHandler
                0x0000000008000538       0x14 Core/Src/stm32f1xx_it.o
                0x0000000008000538                USART1_IRQHandler
 .text.SystemInit
                0x000000000800054c        0xc Core/Src/system_stm32f1xx.o
                0x000000000800054c                SystemInit
 .text.Reset_Handler
                0x0000000008000558       0x48 Core/Startup/startup_stm32f103c8tx.o
                0x0000000008000558                Reset_Handler
 .text.Default_Handler
                0x00000000080005a0        0x2 Core/Startup/startup_stm32f103c8tx.o
                0x00000000080005a0                RTC_Alarm_IRQHandler
                0x00000000080005a0                EXTI2_IRQHandler
                0x00000000080005a0                TIM1_CC_IRQHandler
                0x00000000080005a0                PVD_IRQHandler
                0x00000000080005a0                EXTI3_IRQHandler
                0x00000000080005a0                EXTI0_IRQHandler
                0x00000000080005a0                I2C2_EV_IRQHandler
                0x00000000080005a0                ADC1_2_IRQHandler
                0x00000000080005a0                SPI1_IRQHandler
                0x00000000080005a0                TAMPER_IRQHandler
                0x00000000080005a0                DMA1_Channel4_IRQHandler
                0x00000000080005a0                USART3_IRQHandler
                0x00000000080005a0                RTC_IRQHandler
                0x00000000080005a0                DMA1_Channel7_IRQHandler
                0x00000000080005a0                CAN1_RX1_IRQHandler
                0x00000000080005a0                TIM4_IRQHandler
                0x00000000080005a0                I2C1_EV_IRQHandler
                0x00000000080005a0                DMA1_Channel6_IRQHandler
                0x00000000080005a0                TIM3_IRQHandler
                0x00000000080005a0                RCC_IRQHandler
                0x00000000080005a0                TIM1_TRG_COM_IRQHandler
                0x00000000080005a0                DMA1_Channel1_IRQHandler
                0x00000000080005a0                Default_Handler
                0x00000000080005a0                EXTI15_10_IRQHandler
                0x00000000080005a0                EXTI9_5_IRQHandler
                0x00000000080005a0                SPI2_IRQHandler
                0x00000000080005a0                DMA1_Channel5_IRQHandler
                0x00000000080005a0                EXTI4_IRQHandler
                0x00000000080005a0                USB_HP_CAN1_TX_IRQHandler
                0x00000000080005a0                DMA1_Channel3_IRQHandler
                0x00000000080005a0                TIM1_UP_IRQHandler
                0x00000000080005a0                WWDG_IRQHandler
                0x00000000080005a0                TIM2_IRQHandler
                0x00000000080005a0                TIM1_BRK_IRQHandler
                0x00000000080005a0                EXTI1_IRQHandler
                0x00000000080005a0                USART2_IRQHandler
                0x00000000080005a0                I2C2_ER_IRQHandler
                0x00000000080005a0                DMA1_Channel2_IRQHandler
                0x00000000080005a0                CAN1_SCE_IRQHandler
                0x00000000080005a0                FLASH_IRQHandler
                0x00000000080005a0                I2C1_ER_IRQHandler
                0x00000000080005a0                USBWakeUp_IRQHandler
 *fill*         0x00000000080005a2        0x2 
 .text.HAL_Init
                0x00000000080005a4       0x2c Drivers/STM32F1xx_HAL_Driver/Src/stm32f1xx_hal.o
                0x00000000080005a4                HAL_Init
 .text.HAL_InitTick
                0x00000000080005d0       0x60 Drivers/STM32F1xx_HAL_Driver/Src/stm32f1xx_hal.o
                0x00000000080005d0                HAL_InitTick
 .text.HAL_IncTick
                0x0000000008000630       0x24 Drivers/STM32F1xx_HAL_Driver/Src/stm32f1xx_hal.o
                0x0000000008000630                HAL_IncTick
 .text.HAL_GetTick
                0x0000000008000654       0x14 Drivers/STM32F1xx_HAL_Driver/Src/stm32f1xx_hal.o
                0x0000000008000654                HAL_GetTick
 .text.HAL_Delay
                0x0000000008000668       0x44 Drivers/STM32F1xx_HAL_Driver/Src/stm32f1xx_hal.o
                0x0000000008000668                HAL_Delay
 .text.__NVIC_SetPriorityGrouping
                0x00000000080006ac       0x48 Drivers/STM32F1xx_HAL_Driver/Src/stm32f1xx_hal_cortex.o
 .text.__NVIC_GetPriorityGrouping
                0x00000000080006f4       0x1c Drivers/STM32F1xx_HAL_Driver/Src/stm32f1xx_hal_cortex.o
 .text.__NVIC_EnableIRQ
                0x0000000008000710       0x38 Drivers/STM32F1xx_HAL_Driver/Src/stm32f1xx_hal_cortex.o
 .text.__NVIC_SetPriority
                0x0000000008000748       0x54 Drivers/STM32F1xx_HAL_Driver/Src/stm32f1xx_hal_cortex.o
 .text.NVIC_EncodePriority
                0x000000000800079c       0x64 Drivers/STM32F1xx_HAL_Driver/Src/stm32f1xx_hal_cortex.o
 .text.SysTick_Config
                0x0000000008000800       0x44 Drivers/STM32F1xx_HAL_Driver/Src/stm32f1xx_hal_cortex.o
 .text.HAL_NVIC_SetPriorityGrouping
                0x0000000008000844       0x16 Drivers/STM32F1xx_HAL_Driver/Src/stm32f1xx_hal_cortex.o
                0x0000000008000844                HAL_NVIC_SetPriorityGrouping
 .text.HAL_NVIC_SetPriority
                0x000000000800085a       0x38 Drivers/STM32F1xx_HAL_Driver/Src/stm32f1xx_hal_cortex.o
                0x000000000800085a                HAL_NVIC_SetPriority
 .text.HAL_NVIC_EnableIRQ
                0x0000000008000892       0x1c Drivers/STM32F1xx_HAL_Driver/Src/stm32f1xx_hal_cortex.o
                0x0000000008000892                HAL_NVIC_EnableIRQ
 .text.HAL_SYSTICK_Config
                0x00000000080008ae       0x18 Drivers/STM32F1xx_HAL_Driver/Src/stm32f1xx_hal_cortex.o
                0x00000000080008ae                HAL_SYSTICK_Config
 *fill*         0x00000000080008c6        0x2 
 .text.HAL_DMA_Abort_IT
                0x00000000080008c8       0xec Drivers/STM32F1xx_HAL_Driver/Src/stm32f1xx_hal_dma.o
                0x00000000080008c8                HAL_DMA_Abort_IT
 .text.HAL_GPIO_Init
                0x00000000080009b4      0x2b4 Drivers/STM32F1xx_HAL_Driver/Src/stm32f1xx_hal_gpio.o
                0x00000000080009b4                HAL_GPIO_Init
 .text.HAL_GPIO_WritePin
                0x0000000008000c68       0x30 Drivers/STM32F1xx_HAL_Driver/Src/stm32f1xx_hal_gpio.o
                0x0000000008000c68                HAL_GPIO_WritePin
 .text.HAL_PCD_Init
                0x0000000008000c98      0x216 Drivers/STM32F1xx_HAL_Driver/Src/stm32f1xx_hal_pcd.o
                0x0000000008000c98                HAL_PCD_Init
 .text.HAL_PCD_Start
                0x0000000008000eae       0x4c Drivers/STM32F1xx_HAL_Driver/Src/stm32f1xx_hal_pcd.o
                0x0000000008000eae                HAL_PCD_Start
 .text.HAL_PCD_IRQHandler
                0x0000000008000efa      0x2aa Drivers/STM32F1xx_HAL_Driver/Src/stm32f1xx_hal_pcd.o
                0x0000000008000efa                HAL_PCD_IRQHandler
 .text.HAL_PCD_SetAddress
                0x00000000080011a4       0x4a Drivers/STM32F1xx_HAL_Driver/Src/stm32f1xx_hal_pcd.o
                0x00000000080011a4                HAL_PCD_SetAddress
 .text.HAL_PCD_EP_Open
                0x00000000080011ee       0xcc Drivers/STM32F1xx_HAL_Driver/Src/stm32f1xx_hal_pcd.o
                0x00000000080011ee                HAL_PCD_EP_Open
 .text.HAL_PCD_EP_Close
                0x00000000080012ba       0x90 Drivers/STM32F1xx_HAL_Driver/Src/stm32f1xx_hal_pcd.o
                0x00000000080012ba                HAL_PCD_EP_Close
 .text.HAL_PCD_EP_Receive
                0x000000000800134a       0x7a Drivers/STM32F1xx_HAL_Driver/Src/stm32f1xx_hal_pcd.o
                0x000000000800134a                HAL_PCD_EP_Receive
 .text.HAL_PCD_EP_Transmit
                0x00000000080013c4       0x86 Drivers/STM32F1xx_HAL_Driver/Src/stm32f1xx_hal_pcd.o
                0x00000000080013c4                HAL_PCD_EP_Transmit
 .text.HAL_PCD_EP_SetStall
                0x000000000800144a       0xc0 Drivers/STM32F1xx_HAL_Driver/Src/stm32f1xx_hal_pcd.o
                0x000000000800144a                HAL_PCD_EP_SetStall
 .text.HAL_PCD_EP_ClrStall
                0x000000000800150a       0xa8 Drivers/STM32F1xx_HAL_Driver/Src/stm32f1xx_hal_pcd.o
                0x000000000800150a                HAL_PCD_EP_ClrStall
 .text.PCD_EP_ISR_Handler
                0x00000000080015b2      0x5e6 Drivers/STM32F1xx_HAL_Driver/Src/stm32f1xx_hal_pcd.o
 .text.HAL_PCD_EP_DB_Receive
                0x0000000008001b98      0x21a Drivers/STM32F1xx_HAL_Driver/Src/stm32f1xx_hal_pcd.o
 .text.HAL_PCD_EP_DB_Transmit
                0x0000000008001db2      0x53a Drivers/STM32F1xx_HAL_Driver/Src/stm32f1xx_hal_pcd.o
 .text.HAL_PCDEx_PMAConfig
                0x00000000080022ec       0x84 Drivers/STM32F1xx_HAL_Driver/Src/stm32f1xx_hal_pcd_ex.o
                0x00000000080022ec                HAL_PCDEx_PMAConfig
 .text.HAL_RCC_OscConfig
                0x0000000008002370      0x500 Drivers/STM32F1xx_HAL_Driver/Src/stm32f1xx_hal_rcc.o
                0x0000000008002370                HAL_RCC_OscConfig
 .text.HAL_RCC_ClockConfig
                0x0000000008002870      0x1d4 Drivers/STM32F1xx_HAL_Driver/Src/stm32f1xx_hal_rcc.o
                0x0000000008002870                HAL_RCC_ClockConfig
 .text.HAL_RCC_GetSysClockFreq
                0x0000000008002a44       0xc4 Drivers/STM32F1xx_HAL_Driver/Src/stm32f1xx_hal_rcc.o
                0x0000000008002a44                HAL_RCC_GetSysClockFreq
 .text.HAL_RCC_GetHCLKFreq
                0x0000000008002b08       0x14 Drivers/STM32F1xx_HAL_Driver/Src/stm32f1xx_hal_rcc.o
                0x0000000008002b08                HAL_RCC_GetHCLKFreq
 .text.HAL_RCC_GetPCLK1Freq
                0x0000000008002b1c       0x28 Drivers/STM32F1xx_HAL_Driver/Src/stm32f1xx_hal_rcc.o
                0x0000000008002b1c                HAL_RCC_GetPCLK1Freq
 .text.HAL_RCC_GetPCLK2Freq
                0x0000000008002b44       0x28 Drivers/STM32F1xx_HAL_Driver/Src/stm32f1xx_hal_rcc.o
                0x0000000008002b44                HAL_RCC_GetPCLK2Freq
 .text.RCC_Delay
                0x0000000008002b6c       0x3c Drivers/STM32F1xx_HAL_Driver/Src/stm32f1xx_hal_rcc.o
 .text.HAL_RCCEx_PeriphCLKConfig
                0x0000000008002ba8      0x16c Drivers/STM32F1xx_HAL_Driver/Src/stm32f1xx_hal_rcc_ex.o
                0x0000000008002ba8                HAL_RCCEx_PeriphCLKConfig
 .text.HAL_UART_Init
                0x0000000008002d14       0x9a Drivers/STM32F1xx_HAL_Driver/Src/stm32f1xx_hal_uart.o
                0x0000000008002d14                HAL_UART_Init
 .text.HAL_UART_Transmit
                0x0000000008002dae      0x124 Drivers/STM32F1xx_HAL_Driver/Src/stm32f1xx_hal_uart.o
                0x0000000008002dae                HAL_UART_Transmit
 *fill*         0x0000000008002ed2        0x2 
 .text.HAL_UART_IRQHandler
                0x0000000008002ed4      0x200 Drivers/STM32F1xx_HAL_Driver/Src/stm32f1xx_hal_uart.o
                0x0000000008002ed4                HAL_UART_IRQHandler
 .text.HAL_UART_TxCpltCallback
                0x00000000080030d4       0x12 Drivers/STM32F1xx_HAL_Driver/Src/stm32f1xx_hal_uart.o
                0x00000000080030d4                HAL_UART_TxCpltCallback
 .text.HAL_UART_RxCpltCallback
                0x00000000080030e6       0x12 Drivers/STM32F1xx_HAL_Driver/Src/stm32f1xx_hal_uart.o
                0x00000000080030e6                HAL_UART_RxCpltCallback
 .text.HAL_UART_ErrorCallback
                0x00000000080030f8       0x12 Drivers/STM32F1xx_HAL_Driver/Src/stm32f1xx_hal_uart.o
                0x00000000080030f8                HAL_UART_ErrorCallback
 .text.UART_WaitOnFlagUntilTimeout
                0x000000000800310a       0x94 Drivers/STM32F1xx_HAL_Driver/Src/stm32f1xx_hal_uart.o
 .text.UART_EndRxTransfer
                0x000000000800319e       0x3a Drivers/STM32F1xx_HAL_Driver/Src/stm32f1xx_hal_uart.o
 .text.UART_DMAAbortOnError
                0x00000000080031d8       0x28 Drivers/STM32F1xx_HAL_Driver/Src/stm32f1xx_hal_uart.o
 .text.UART_Transmit_IT
                0x0000000008003200       0x9e Drivers/STM32F1xx_HAL_Driver/Src/stm32f1xx_hal_uart.o
 .text.UART_EndTransmit_IT
                0x000000000800329e       0x30 Drivers/STM32F1xx_HAL_Driver/Src/stm32f1xx_hal_uart.o
 .text.UART_Receive_IT
                0x00000000080032ce      0x100 Drivers/STM32F1xx_HAL_Driver/Src/stm32f1xx_hal_uart.o
 *fill*         0x00000000080033ce        0x2 
 .text.UART_SetConfig
                0x00000000080033d0      0x11c Drivers/STM32F1xx_HAL_Driver/Src/stm32f1xx_hal_uart.o
 .text.USB_CoreInit
                0x00000000080034ec       0x20 Drivers/STM32F1xx_HAL_Driver/Src/stm32f1xx_ll_usb.o
                0x00000000080034ec                USB_CoreInit
 .text.USB_EnableGlobalInt
                0x000000000800350c       0x2c Drivers/STM32F1xx_HAL_Driver/Src/stm32f1xx_ll_usb.o
                0x000000000800350c                USB_EnableGlobalInt
 .text.USB_DisableGlobalInt
                0x0000000008003538       0x34 Drivers/STM32F1xx_HAL_Driver/Src/stm32f1xx_ll_usb.o
                0x0000000008003538                USB_DisableGlobalInt
 .text.USB_SetCurrentMode
                0x000000000800356c       0x18 Drivers/STM32F1xx_HAL_Driver/Src/stm32f1xx_ll_usb.o
                0x000000000800356c                USB_SetCurrentMode
 .text.USB_DevInit
                0x0000000008003584       0x40 Drivers/STM32F1xx_HAL_Driver/Src/stm32f1xx_ll_usb.o
                0x0000000008003584                USB_DevInit
 .text.USB_ActivateEndpoint
                0x00000000080035c4      0x6d4 Drivers/STM32F1xx_HAL_Driver/Src/stm32f1xx_ll_usb.o
                0x00000000080035c4                USB_ActivateEndpoint
 .text.USB_DeactivateEndpoint
                0x0000000008003c98      0x3d8 Drivers/STM32F1xx_HAL_Driver/Src/stm32f1xx_ll_usb.o
                0x0000000008003c98                USB_DeactivateEndpoint
 .text.USB_EPStartXfer
                0x0000000008004070     0x1240 Drivers/STM32F1xx_HAL_Driver/Src/stm32f1xx_ll_usb.o
                0x0000000008004070                USB_EPStartXfer
 .text.USB_EPSetStall
                0x00000000080052b0       0xa0 Drivers/STM32F1xx_HAL_Driver/Src/stm32f1xx_ll_usb.o
                0x00000000080052b0                USB_EPSetStall
 .text.USB_EPClearStall
                0x0000000008005350      0x15a Drivers/STM32F1xx_HAL_Driver/Src/stm32f1xx_ll_usb.o
                0x0000000008005350                USB_EPClearStall
 .text.USB_SetDevAddress
                0x00000000080054aa       0x26 Drivers/STM32F1xx_HAL_Driver/Src/stm32f1xx_ll_usb.o
                0x00000000080054aa                USB_SetDevAddress
 .text.USB_DevConnect
                0x00000000080054d0       0x14 Drivers/STM32F1xx_HAL_Driver/Src/stm32f1xx_ll_usb.o
                0x00000000080054d0                USB_DevConnect
 .text.USB_DevDisconnect
                0x00000000080054e4       0x14 Drivers/STM32F1xx_HAL_Driver/Src/stm32f1xx_ll_usb.o
                0x00000000080054e4                USB_DevDisconnect
 .text.USB_ReadInterrupts
                0x00000000080054f8       0x1e Drivers/STM32F1xx_HAL_Driver/Src/stm32f1xx_ll_usb.o
                0x00000000080054f8                USB_ReadInterrupts
 .text.USB_EP0_OutStart
                0x0000000008005516       0x16 Drivers/STM32F1xx_HAL_Driver/Src/stm32f1xx_ll_usb.o
                0x0000000008005516                USB_EP0_OutStart
 .text.USB_WritePMA
                0x000000000800552c       0x88 Drivers/STM32F1xx_HAL_Driver/Src/stm32f1xx_ll_usb.o
                0x000000000800552c                USB_WritePMA
 .text.USB_ReadPMA
                0x00000000080055b4       0x9e Drivers/STM32F1xx_HAL_Driver/Src/stm32f1xx_ll_usb.o
                0x00000000080055b4                USB_ReadPMA
 *fill*         0x0000000008005652        0x2 
 .text.USBD_CUSTOM_HID_Init
                0x0000000008005654       0x88 Middlewares/ST/STM32_USB_Device_Library/Class/CustomHID/Src/usbd_customhid.o
 .text.USBD_CUSTOM_HID_DeInit
                0x00000000080056dc       0x5c Middlewares/ST/STM32_USB_Device_Library/Class/CustomHID/Src/usbd_customhid.o
 .text.USBD_CUSTOM_HID_Setup
                0x0000000008005738      0x1f8 Middlewares/ST/STM32_USB_Device_Library/Class/CustomHID/Src/usbd_customhid.o
 .text.USBD_CUSTOM_HID_SendReport
                0x0000000008005930       0x4e Middlewares/ST/STM32_USB_Device_Library/Class/CustomHID/Src/usbd_customhid.o
                0x0000000008005930                USBD_CUSTOM_HID_SendReport
 *fill*         0x000000000800597e        0x2 
 .text.USBD_CUSTOM_HID_GetFSCfgDesc
                0x0000000008005980       0x20 Middlewares/ST/STM32_USB_Device_Library/Class/CustomHID/Src/usbd_customhid.o
 .text.USBD_CUSTOM_HID_DataIn
                0x00000000080059a0       0x24 Middlewares/ST/STM32_USB_Device_Library/Class/CustomHID/Src/usbd_customhid.o
 .text.USBD_CUSTOM_HID_DataOut
                0x00000000080059c4       0x40 Middlewares/ST/STM32_USB_Device_Library/Class/CustomHID/Src/usbd_customhid.o
 .text.USBD_CUSTOM_HID_EP0_RxReady
                0x0000000008005a04       0x3a Middlewares/ST/STM32_USB_Device_Library/Class/CustomHID/Src/usbd_customhid.o
 *fill*         0x0000000008005a3e        0x2 
 .text.USBD_CUSTOM_HID_GetDeviceQualifierDesc
                0x0000000008005a40       0x20 Middlewares/ST/STM32_USB_Device_Library/Class/CustomHID/Src/usbd_customhid.o
 .text.USBD_CUSTOM_HID_RegisterInterface
                0x0000000008005a60       0x2c Middlewares/ST/STM32_USB_Device_Library/Class/CustomHID/Src/usbd_customhid.o
                0x0000000008005a60                USBD_CUSTOM_HID_RegisterInterface
 .text.USBD_Init
                0x0000000008005a8c       0x56 Middlewares/ST/STM32_USB_Device_Library/Core/Src/usbd_core.o
                0x0000000008005a8c                USBD_Init
 .text.USBD_RegisterClass
                0x0000000008005ae2       0x32 Middlewares/ST/STM32_USB_Device_Library/Core/Src/usbd_core.o
                0x0000000008005ae2                USBD_RegisterClass
 .text.USBD_Start
                0x0000000008005b14       0x18 Middlewares/ST/STM32_USB_Device_Library/Core/Src/usbd_core.o
                0x0000000008005b14                USBD_Start
 .text.USBD_RunTestMode
                0x0000000008005b2c       0x14 Middlewares/ST/STM32_USB_Device_Library/Core/Src/usbd_core.o
                0x0000000008005b2c                USBD_RunTestMode
 .text.USBD_SetClassConfig
                0x0000000008005b40       0x3e Middlewares/ST/STM32_USB_Device_Library/Core/Src/usbd_core.o
                0x0000000008005b40                USBD_SetClassConfig
 .text.USBD_ClrClassConfig
                0x0000000008005b7e       0x26 Middlewares/ST/STM32_USB_Device_Library/Core/Src/usbd_core.o
                0x0000000008005b7e                USBD_ClrClassConfig
 .text.USBD_LL_SetupStage
                0x0000000008005ba4       0x96 Middlewares/ST/STM32_USB_Device_Library/Core/Src/usbd_core.o
                0x0000000008005ba4                USBD_LL_SetupStage
 .text.USBD_LL_DataOutStage
                0x0000000008005c3a       0xe2 Middlewares/ST/STM32_USB_Device_Library/Core/Src/usbd_core.o
                0x0000000008005c3a                USBD_LL_DataOutStage
 .text.USBD_LL_DataInStage
                0x0000000008005d1c      0x14a Middlewares/ST/STM32_USB_Device_Library/Core/Src/usbd_core.o
                0x0000000008005d1c                USBD_LL_DataInStage
 .text.USBD_LL_Reset
                0x0000000008005e66       0x82 Middlewares/ST/STM32_USB_Device_Library/Core/Src/usbd_core.o
                0x0000000008005e66                USBD_LL_Reset
 .text.USBD_LL_SetSpeed
                0x0000000008005ee8       0x1e Middlewares/ST/STM32_USB_Device_Library/Core/Src/usbd_core.o
                0x0000000008005ee8                USBD_LL_SetSpeed
 .text.USBD_LL_Suspend
                0x0000000008005f06       0x28 Middlewares/ST/STM32_USB_Device_Library/Core/Src/usbd_core.o
                0x0000000008005f06                USBD_LL_Suspend
 .text.USBD_LL_Resume
                0x0000000008005f2e       0x2a Middlewares/ST/STM32_USB_Device_Library/Core/Src/usbd_core.o
                0x0000000008005f2e                USBD_LL_Resume
 .text.USBD_LL_SOF
                0x0000000008005f58       0x34 Middlewares/ST/STM32_USB_Device_Library/Core/Src/usbd_core.o
                0x0000000008005f58                USBD_LL_SOF
 .text.USBD_StdDevReq
                0x0000000008005f8c       0xd4 Middlewares/ST/STM32_USB_Device_Library/Core/Src/usbd_ctlreq.o
                0x0000000008005f8c                USBD_StdDevReq
 .text.USBD_StdItfReq
                0x0000000008006060       0x8c Middlewares/ST/STM32_USB_Device_Library/Core/Src/usbd_ctlreq.o
                0x0000000008006060                USBD_StdItfReq
 .text.USBD_StdEPReq
                0x00000000080060ec      0x2ba Middlewares/ST/STM32_USB_Device_Library/Core/Src/usbd_ctlreq.o
                0x00000000080060ec                USBD_StdEPReq
 *fill*         0x00000000080063a6        0x2 
 .text.USBD_GetDescriptor
                0x00000000080063a8      0x2d0 Middlewares/ST/STM32_USB_Device_Library/Core/Src/usbd_ctlreq.o
 .text.USBD_SetAddress
                0x0000000008006678       0x84 Middlewares/ST/STM32_USB_Device_Library/Core/Src/usbd_ctlreq.o
 .text.USBD_SetConfig
                0x00000000080066fc      0x11c Middlewares/ST/STM32_USB_Device_Library/Core/Src/usbd_ctlreq.o
 .text.USBD_GetConfig
                0x0000000008006818       0x68 Middlewares/ST/STM32_USB_Device_Library/Core/Src/usbd_ctlreq.o
 .text.USBD_GetStatus
                0x0000000008006880       0x66 Middlewares/ST/STM32_USB_Device_Library/Core/Src/usbd_ctlreq.o
 .text.USBD_SetFeature
                0x00000000080068e6       0x28 Middlewares/ST/STM32_USB_Device_Library/Core/Src/usbd_ctlreq.o
 .text.USBD_ClrFeature
                0x000000000800690e       0x42 Middlewares/ST/STM32_USB_Device_Library/Core/Src/usbd_ctlreq.o
 .text.USBD_ParseSetupRequest
                0x0000000008006950       0x78 Middlewares/ST/STM32_USB_Device_Library/Core/Src/usbd_ctlreq.o
                0x0000000008006950                USBD_ParseSetupRequest
 .text.USBD_CtlError
                0x00000000080069c8       0x22 Middlewares/ST/STM32_USB_Device_Library/Core/Src/usbd_ctlreq.o
                0x00000000080069c8                USBD_CtlError
 .text.USBD_GetString
                0x00000000080069ea       0x84 Middlewares/ST/STM32_USB_Device_Library/Core/Src/usbd_ctlreq.o
                0x00000000080069ea                USBD_GetString
 .text.USBD_GetLen
                0x0000000008006a6e       0x2e Middlewares/ST/STM32_USB_Device_Library/Core/Src/usbd_ctlreq.o
 .text.USBD_CtlSendData
                0x0000000008006a9c       0x38 Middlewares/ST/STM32_USB_Device_Library/Core/Src/usbd_ioreq.o
                0x0000000008006a9c                USBD_CtlSendData
 .text.USBD_CtlContinueSendData
                0x0000000008006ad4       0x24 Middlewares/ST/STM32_USB_Device_Library/Core/Src/usbd_ioreq.o
                0x0000000008006ad4                USBD_CtlContinueSendData
 .text.USBD_CtlPrepareRx
                0x0000000008006af8       0x3c Middlewares/ST/STM32_USB_Device_Library/Core/Src/usbd_ioreq.o
                0x0000000008006af8                USBD_CtlPrepareRx
 .text.USBD_CtlContinueRx
                0x0000000008006b34       0x24 Middlewares/ST/STM32_USB_Device_Library/Core/Src/usbd_ioreq.o
                0x0000000008006b34                USBD_CtlContinueRx
 .text.USBD_CtlSendStatus
                0x0000000008006b58       0x26 Middlewares/ST/STM32_USB_Device_Library/Core/Src/usbd_ioreq.o
                0x0000000008006b58                USBD_CtlSendStatus
 .text.USBD_CtlReceiveStatus
                0x0000000008006b7e       0x26 Middlewares/ST/STM32_USB_Device_Library/Core/Src/usbd_ioreq.o
                0x0000000008006b7e                USBD_CtlReceiveStatus
 .text.MX_USB_DEVICE_Init
                0x0000000008006ba4       0x60 USB_DEVICE/App/usb_device.o
                0x0000000008006ba4                MX_USB_DEVICE_Init
 .text.CUSTOM_HID_Init_FS
                0x0000000008006c04        0xe USB_DEVICE/App/usbd_custom_hid_if.o
 .text.CUSTOM_HID_DeInit_FS
                0x0000000008006c12        0xe USB_DEVICE/App/usbd_custom_hid_if.o
 .text.CUSTOM_HID_OutEvent_FS
                0x0000000008006c20       0x20 USB_DEVICE/App/usbd_custom_hid_if.o
 .text.USBD_FS_DeviceDescriptor
                0x0000000008006c40       0x24 USB_DEVICE/App/usbd_desc.o
                0x0000000008006c40                USBD_FS_DeviceDescriptor
 .text.USBD_FS_LangIDStrDescriptor
                0x0000000008006c64       0x24 USB_DEVICE/App/usbd_desc.o
                0x0000000008006c64                USBD_FS_LangIDStrDescriptor
 .text.USBD_FS_ProductStrDescriptor
                0x0000000008006c88       0x3c USB_DEVICE/App/usbd_desc.o
                0x0000000008006c88                USBD_FS_ProductStrDescriptor
 .text.USBD_FS_ManufacturerStrDescriptor
                0x0000000008006cc4       0x28 USB_DEVICE/App/usbd_desc.o
                0x0000000008006cc4                USBD_FS_ManufacturerStrDescriptor
 .text.USBD_FS_SerialStrDescriptor
                0x0000000008006cec       0x24 USB_DEVICE/App/usbd_desc.o
                0x0000000008006cec                USBD_FS_SerialStrDescriptor
 .text.USBD_FS_ConfigStrDescriptor
                0x0000000008006d10       0x3c USB_DEVICE/App/usbd_desc.o
                0x0000000008006d10                USBD_FS_ConfigStrDescriptor
 .text.USBD_FS_InterfaceStrDescriptor
                0x0000000008006d4c       0x3c USB_DEVICE/App/usbd_desc.o
                0x0000000008006d4c                USBD_FS_InterfaceStrDescriptor
 .text.Get_SerialNum
                0x0000000008006d88       0x58 USB_DEVICE/App/usbd_desc.o
 .text.IntToUnicode
                0x0000000008006de0       0x7a USB_DEVICE/App/usbd_desc.o
 *fill*         0x0000000008006e5a        0x2 
 .text.HAL_PCD_MspInit
                0x0000000008006e5c       0x4c USB_DEVICE/Target/usbd_conf.o
                0x0000000008006e5c                HAL_PCD_MspInit
 .text.HAL_PCD_SetupStageCallback
                0x0000000008006ea8       0x24 USB_DEVICE/Target/usbd_conf.o
                0x0000000008006ea8                HAL_PCD_SetupStageCallback
 .text.HAL_PCD_DataOutStageCallback
                0x0000000008006ecc       0x36 USB_DEVICE/Target/usbd_conf.o
                0x0000000008006ecc                HAL_PCD_DataOutStageCallback
 .text.HAL_PCD_DataInStageCallback
                0x0000000008006f02       0x34 USB_DEVICE/Target/usbd_conf.o
                0x0000000008006f02                HAL_PCD_DataInStageCallback
 .text.HAL_PCD_SOFCallback
                0x0000000008006f36       0x1c USB_DEVICE/Target/usbd_conf.o
                0x0000000008006f36                HAL_PCD_SOFCallback
 .text.HAL_PCD_ResetCallback
                0x0000000008006f52       0x3c USB_DEVICE/Target/usbd_conf.o
                0x0000000008006f52                HAL_PCD_ResetCallback
 *fill*         0x0000000008006f8e        0x2 
 .text.HAL_PCD_SuspendCallback
                0x0000000008006f90       0x34 USB_DEVICE/Target/usbd_conf.o
                0x0000000008006f90                HAL_PCD_SuspendCallback
 .text.HAL_PCD_ResumeCallback
                0x0000000008006fc4       0x1c USB_DEVICE/Target/usbd_conf.o
                0x0000000008006fc4                HAL_PCD_ResumeCallback
 .text.USBD_LL_Init
                0x0000000008006fe0       0xa0 USB_DEVICE/Target/usbd_conf.o
                0x0000000008006fe0                USBD_LL_Init
 .text.USBD_LL_Start
                0x0000000008007080       0x36 USB_DEVICE/Target/usbd_conf.o
                0x0000000008007080                USBD_LL_Start
 .text.USBD_LL_OpenEP
                0x00000000080070b6       0x4c USB_DEVICE/Target/usbd_conf.o
                0x00000000080070b6                USBD_LL_OpenEP
 .text.USBD_LL_CloseEP
                0x0000000008007102       0x3e USB_DEVICE/Target/usbd_conf.o
                0x0000000008007102                USBD_LL_CloseEP
 .text.USBD_LL_StallEP
                0x0000000008007140       0x3e USB_DEVICE/Target/usbd_conf.o
                0x0000000008007140                USBD_LL_StallEP
 .text.USBD_LL_ClearStallEP
                0x000000000800717e       0x3e USB_DEVICE/Target/usbd_conf.o
                0x000000000800717e                USBD_LL_ClearStallEP
 .text.USBD_LL_IsStallEP
                0x00000000080071bc       0x58 USB_DEVICE/Target/usbd_conf.o
                0x00000000080071bc                USBD_LL_IsStallEP
 .text.USBD_LL_SetUSBAddress
                0x0000000008007214       0x3e USB_DEVICE/Target/usbd_conf.o
                0x0000000008007214                USBD_LL_SetUSBAddress
 .text.USBD_LL_Transmit
                0x0000000008007252       0x46 USB_DEVICE/Target/usbd_conf.o
                0x0000000008007252                USBD_LL_Transmit
 .text.USBD_LL_PrepareReceive
                0x0000000008007298       0x46 USB_DEVICE/Target/usbd_conf.o
                0x0000000008007298                USBD_LL_PrepareReceive
 *fill*         0x00000000080072de        0x2 
 .text.USBD_static_malloc
                0x00000000080072e0       0x18 USB_DEVICE/Target/usbd_conf.o
                0x00000000080072e0                USBD_static_malloc
 .text.USBD_static_free
                0x00000000080072f8       0x12 USB_DEVICE/Target/usbd_conf.o
                0x00000000080072f8                USBD_static_free
 .text.HAL_PCDEx_SetConnectionState
                0x000000000800730a       0x16 USB_DEVICE/Target/usbd_conf.o
                0x000000000800730a                HAL_PCDEx_SetConnectionState
 .text.USBD_Get_USB_Status
                0x0000000008007320       0x58 USB_DEVICE/Target/usbd_conf.o
 .text.__libc_init_array
                0x0000000008007378       0x48 /opt/st/stm32cubeide_1.3.0/plugins/com.st.stm32cube.ide.mcu.externaltools.gnu-tools-for-stm32.7-2018-q2-update.linux64_1.0.0.201904181610/tools/bin/../lib/gcc/arm-none-eabi/7.3.1/../../../../arm-none-eabi/lib/thumb/v7-m/libc_nano.a(lib_a-init.o)
                0x0000000008007378                __libc_init_array
 .text.memset   0x00000000080073c0       0x10 /opt/st/stm32cubeide_1.3.0/plugins/com.st.stm32cube.ide.mcu.externaltools.gnu-tools-for-stm32.7-2018-q2-update.linux64_1.0.0.201904181610/tools/bin/../lib/gcc/arm-none-eabi/7.3.1/../../../../arm-none-eabi/lib/thumb/v7-m/libc_nano.a(lib_a-memset.o)
                0x00000000080073c0                memset
 *(.glue_7)
 .glue_7        0x00000000080073d0        0x0 linker stubs
 *(.glue_7t)
 .glue_7t       0x00000000080073d0        0x0 linker stubs
 *(.eh_frame)
 .eh_frame      0x00000000080073d0        0x0 /opt/st/stm32cubeide_1.3.0/plugins/com.st.stm32cube.ide.mcu.externaltools.gnu-tools-for-stm32.7-2018-q2-update.linux64_1.0.0.201904181610/tools/bin/../lib/gcc/arm-none-eabi/7.3.1/thumb/v7-m/crtbegin.o
 *(.init)
 .init          0x00000000080073d0        0x4 /opt/st/stm32cubeide_1.3.0/plugins/com.st.stm32cube.ide.mcu.externaltools.gnu-tools-for-stm32.7-2018-q2-update.linux64_1.0.0.201904181610/tools/bin/../lib/gcc/arm-none-eabi/7.3.1/thumb/v7-m/crti.o
                0x00000000080073d0                _init
 .init          0x00000000080073d4        0x8 /opt/st/stm32cubeide_1.3.0/plugins/com.st.stm32cube.ide.mcu.externaltools.gnu-tools-for-stm32.7-2018-q2-update.linux64_1.0.0.201904181610/tools/bin/../lib/gcc/arm-none-eabi/7.3.1/thumb/v7-m/crtn.o
 *(.fini)
 .fini          0x00000000080073dc        0x4 /opt/st/stm32cubeide_1.3.0/plugins/com.st.stm32cube.ide.mcu.externaltools.gnu-tools-for-stm32.7-2018-q2-update.linux64_1.0.0.201904181610/tools/bin/../lib/gcc/arm-none-eabi/7.3.1/thumb/v7-m/crti.o
                0x00000000080073dc                _fini
 .fini          0x00000000080073e0        0x8 /opt/st/stm32cubeide_1.3.0/plugins/com.st.stm32cube.ide.mcu.externaltools.gnu-tools-for-stm32.7-2018-q2-update.linux64_1.0.0.201904181610/tools/bin/../lib/gcc/arm-none-eabi/7.3.1/thumb/v7-m/crtn.o
                0x00000000080073e8                . = ALIGN (0x4)
                0x00000000080073e8                _etext = .

.vfp11_veneer   0x00000000080073e8        0x0
 .vfp11_veneer  0x00000000080073e8        0x0 linker stubs

.v4_bx          0x00000000080073e8        0x0
 .v4_bx         0x00000000080073e8        0x0 linker stubs

.iplt           0x00000000080073e8        0x0
 .iplt          0x00000000080073e8        0x0 /opt/st/stm32cubeide_1.3.0/plugins/com.st.stm32cube.ide.mcu.externaltools.gnu-tools-for-stm32.7-2018-q2-update.linux64_1.0.0.201904181610/tools/bin/../lib/gcc/arm-none-eabi/7.3.1/thumb/v7-m/crtbegin.o

.rodata         0x00000000080073e8       0xac
                0x00000000080073e8                . = ALIGN (0x4)
 *(.rodata)
 .rodata        0x00000000080073e8       0x1e Core/Src/main.o
 *fill*         0x0000000008007406        0x2 
 .rodata        0x0000000008007408       0x12 Drivers/STM32F1xx_HAL_Driver/Src/stm32f1xx_hal_rcc.o
 *fill*         0x000000000800741a        0x2 
 .rodata        0x000000000800741c       0x5d USB_DEVICE/App/usbd_desc.o
 *(.rodata*)
 *fill*         0x0000000008007479        0x3 
 .rodata.AHBPrescTable
                0x000000000800747c       0x10 Core/Src/system_stm32f1xx.o
                0x000000000800747c                AHBPrescTable
 .rodata.APBPrescTable
                0x000000000800748c        0x8 Core/Src/system_stm32f1xx.o
                0x000000000800748c                APBPrescTable
                0x0000000008007494                . = ALIGN (0x4)

.rel.dyn        0x0000000008007494        0x0
 .rel.iplt      0x0000000008007494        0x0 /opt/st/stm32cubeide_1.3.0/plugins/com.st.stm32cube.ide.mcu.externaltools.gnu-tools-for-stm32.7-2018-q2-update.linux64_1.0.0.201904181610/tools/bin/../lib/gcc/arm-none-eabi/7.3.1/thumb/v7-m/crtbegin.o

.ARM.extab      0x0000000008007494        0x0
                0x0000000008007494                . = ALIGN (0x4)
 *(.ARM.extab* .gnu.linkonce.armextab.*)
                0x0000000008007494                . = ALIGN (0x4)

.ARM            0x0000000008007494        0x0
                0x0000000008007494                . = ALIGN (0x4)
                0x0000000008007494                __exidx_start = .
 *(.ARM.exidx*)
                0x0000000008007494                __exidx_end = .
                0x0000000008007494                . = ALIGN (0x4)

.preinit_array  0x0000000008007494        0x0
                0x0000000008007494                . = ALIGN (0x4)
                0x0000000008007494                PROVIDE (__preinit_array_start = .)
 *(.preinit_array*)
                0x0000000008007494                PROVIDE (__preinit_array_end = .)
                0x0000000008007494                . = ALIGN (0x4)

.init_array     0x0000000008007494        0x4
                0x0000000008007494                . = ALIGN (0x4)
                0x0000000008007494                PROVIDE (__init_array_start = .)
 *(SORT_BY_NAME(.init_array.*))
 *(.init_array*)
 .init_array    0x0000000008007494        0x4 /opt/st/stm32cubeide_1.3.0/plugins/com.st.stm32cube.ide.mcu.externaltools.gnu-tools-for-stm32.7-2018-q2-update.linux64_1.0.0.201904181610/tools/bin/../lib/gcc/arm-none-eabi/7.3.1/thumb/v7-m/crtbegin.o
                0x0000000008007498                PROVIDE (__init_array_end = .)
                0x0000000008007498                . = ALIGN (0x4)

.fini_array     0x0000000008007498        0x4
                0x0000000008007498                . = ALIGN (0x4)
                [!provide]                        PROVIDE (__fini_array_start = .)
 *(SORT_BY_NAME(.fini_array.*))
 *(.fini_array*)
 .fini_array    0x0000000008007498        0x4 /opt/st/stm32cubeide_1.3.0/plugins/com.st.stm32cube.ide.mcu.externaltools.gnu-tools-for-stm32.7-2018-q2-update.linux64_1.0.0.201904181610/tools/bin/../lib/gcc/arm-none-eabi/7.3.1/thumb/v7-m/crtbegin.o
                [!provide]                        PROVIDE (__fini_array_end = .)
                0x000000000800749c                . = ALIGN (0x4)
                0x000000000800749c                _sidata = LOADADDR (.data)

.data           0x0000000020000000       0xd4 load address 0x000000000800749c
                0x0000000020000000                . = ALIGN (0x4)
                0x0000000020000000                _sdata = .
 *(.data)
 *(.data*)
 .data.SystemCoreClock
                0x0000000020000000        0x4 Core/Src/system_stm32f1xx.o
                0x0000000020000000                SystemCoreClock
 .data.uwTickPrio
                0x0000000020000004        0x4 Drivers/STM32F1xx_HAL_Driver/Src/stm32f1xx_hal.o
                0x0000000020000004                uwTickPrio
 .data.uwTickFreq
                0x0000000020000008        0x1 Drivers/STM32F1xx_HAL_Driver/Src/stm32f1xx_hal.o
                0x0000000020000008                uwTickFreq
 *fill*         0x0000000020000009        0x3 
 .data.USBD_CUSTOM_HID
                0x000000002000000c       0x38 Middlewares/ST/STM32_USB_Device_Library/Class/CustomHID/Src/usbd_customhid.o
                0x000000002000000c                USBD_CUSTOM_HID
 .data.USBD_CUSTOM_HID_CfgFSDesc
                0x0000000020000044       0x20 Middlewares/ST/STM32_USB_Device_Library/Class/CustomHID/Src/usbd_customhid.o
 .data.USBD_CUSTOM_HID_DeviceQualifierDesc
                0x0000000020000064        0xa Middlewares/ST/STM32_USB_Device_Library/Class/CustomHID/Src/usbd_customhid.o
 *fill*         0x000000002000006e        0x2 
 .data.CUSTOM_HID_ReportDesc_FS
                0x0000000020000070        0x2 USB_DEVICE/App/usbd_custom_hid_if.o
 *fill*         0x0000000020000072        0x2 
 .data.USBD_CustomHID_fops_FS
                0x0000000020000074       0x10 USB_DEVICE/App/usbd_custom_hid_if.o
                0x0000000020000074                USBD_CustomHID_fops_FS
 .data.FS_Desc  0x0000000020000084       0x1c USB_DEVICE/App/usbd_desc.o
                0x0000000020000084                FS_Desc
 .data.USBD_FS_DeviceDesc
                0x00000000200000a0       0x12 USB_DEVICE/App/usbd_desc.o
                0x00000000200000a0                USBD_FS_DeviceDesc
 *fill*         0x00000000200000b2        0x2 
 .data.USBD_LangIDDesc
                0x00000000200000b4        0x4 USB_DEVICE/App/usbd_desc.o
                0x00000000200000b4                USBD_LangIDDesc
 .data.USBD_StringSerial
                0x00000000200000b8       0x1a USB_DEVICE/App/usbd_desc.o
                0x00000000200000b8                USBD_StringSerial
                0x00000000200000d4                . = ALIGN (0x4)
 *fill*         0x00000000200000d2        0x2 
                0x00000000200000d4                _edata = .

.igot.plt       0x00000000200000d4        0x0 load address 0x0000000008007570
 .igot.plt      0x00000000200000d4        0x0 /opt/st/stm32cubeide_1.3.0/plugins/com.st.stm32cube.ide.mcu.externaltools.gnu-tools-for-stm32.7-2018-q2-update.linux64_1.0.0.201904181610/tools/bin/../lib/gcc/arm-none-eabi/7.3.1/thumb/v7-m/crtbegin.o
                0x00000000200000d4                . = ALIGN (0x4)

.bss            0x00000000200000d4      0x8f0 load address 0x0000000008007570
                0x00000000200000d4                _sbss = .
                0x00000000200000d4                __bss_start__ = _sbss
 *(.bss)
 .bss           0x00000000200000d4       0x1c /opt/st/stm32cubeide_1.3.0/plugins/com.st.stm32cube.ide.mcu.externaltools.gnu-tools-for-stm32.7-2018-q2-update.linux64_1.0.0.201904181610/tools/bin/../lib/gcc/arm-none-eabi/7.3.1/thumb/v7-m/crtbegin.o
 *(.bss*)
 .bss.cfgidx.7757
                0x00000000200000f0        0x1 Middlewares/ST/STM32_USB_Device_Library/Core/Src/usbd_ctlreq.o
 *fill*         0x00000000200000f1        0x3 
 .bss.mem.7807  0x00000000200000f4       0x58 USB_DEVICE/Target/usbd_conf.o
 *(COMMON)
 COMMON         0x000000002000014c       0xc4 Core/Src/main.o
                0x000000002000014c                USB_RX_Ready
                0x0000000020000150                huart1
                0x0000000020000190                USB_RX_Buffer
                0x00000000200001d0                USB_TX_Buffer
 COMMON         0x0000000020000210        0x4 Drivers/STM32F1xx_HAL_Driver/Src/stm32f1xx_hal.o
                0x0000000020000210                uwTick
 COMMON         0x0000000020000214      0x2c4 USB_DEVICE/App/usb_device.o
                0x0000000020000214                hUsbDeviceFS
 COMMON         0x00000000200004d8      0x200 USB_DEVICE/App/usbd_desc.o
                0x00000000200004d8                USBD_StrDesc
 COMMON         0x00000000200006d8      0x2ec USB_DEVICE/Target/usbd_conf.o
                0x00000000200006d8                hpcd_USB_FS
                0x00000000200009c4                . = ALIGN (0x4)
                0x00000000200009c4                _ebss = .
                0x00000000200009c4                __bss_end__ = _ebss

._user_heap_stack
                0x00000000200009c4      0x604 load address 0x0000000008007570
                0x00000000200009c8                . = ALIGN (0x8)
 *fill*         0x00000000200009c4        0x4 
                0x00000000200009c8                PROVIDE (end = .)
                [!provide]                        PROVIDE (_end = .)
                0x0000000020000bc8                . = (. + _Min_Heap_Size)
 *fill*         0x00000000200009c8      0x200 
                0x0000000020000fc8                . = (. + _Min_Stack_Size)
 *fill*         0x0000000020000bc8      0x400 
                0x0000000020000fc8                . = ALIGN (0x8)

/DISCARD/
 libc.a(*)
 libm.a(*)
 libgcc.a(*)

.ARM.attributes
                0x0000000000000000       0x29
 *(.ARM.attributes)
 .ARM.attributes
                0x0000000000000000       0x1d /opt/st/stm32cubeide_1.3.0/plugins/com.st.stm32cube.ide.mcu.externaltools.gnu-tools-for-stm32.7-2018-q2-update.linux64_1.0.0.201904181610/tools/bin/../lib/gcc/arm-none-eabi/7.3.1/thumb/v7-m/crti.o
 .ARM.attributes
                0x000000000000001d       0x2d /opt/st/stm32cubeide_1.3.0/plugins/com.st.stm32cube.ide.mcu.externaltools.gnu-tools-for-stm32.7-2018-q2-update.linux64_1.0.0.201904181610/tools/bin/../lib/gcc/arm-none-eabi/7.3.1/thumb/v7-m/crtbegin.o
 .ARM.attributes
                0x000000000000004a       0x33 Core/Src/main.o
 .ARM.attributes
                0x000000000000007d       0x33 Core/Src/stm32f1xx_hal_msp.o
 .ARM.attributes
                0x00000000000000b0       0x33 Core/Src/stm32f1xx_it.o
 .ARM.attributes
                0x00000000000000e3       0x33 Core/Src/system_stm32f1xx.o
 .ARM.attributes
                0x0000000000000116       0x21 Core/Startup/startup_stm32f103c8tx.o
 .ARM.attributes
                0x0000000000000137       0x33 Drivers/STM32F1xx_HAL_Driver/Src/stm32f1xx_hal.o
 .ARM.attributes
                0x000000000000016a       0x33 Drivers/STM32F1xx_HAL_Driver/Src/stm32f1xx_hal_cortex.o
 .ARM.attributes
                0x000000000000019d       0x33 Drivers/STM32F1xx_HAL_Driver/Src/stm32f1xx_hal_dma.o
 .ARM.attributes
                0x00000000000001d0       0x33 Drivers/STM32F1xx_HAL_Driver/Src/stm32f1xx_hal_gpio.o
 .ARM.attributes
                0x0000000000000203       0x33 Drivers/STM32F1xx_HAL_Driver/Src/stm32f1xx_hal_pcd.o
 .ARM.attributes
                0x0000000000000236       0x33 Drivers/STM32F1xx_HAL_Driver/Src/stm32f1xx_hal_pcd_ex.o
 .ARM.attributes
                0x0000000000000269       0x33 Drivers/STM32F1xx_HAL_Driver/Src/stm32f1xx_hal_rcc.o
 .ARM.attributes
                0x000000000000029c       0x33 Drivers/STM32F1xx_HAL_Driver/Src/stm32f1xx_hal_rcc_ex.o
 .ARM.attributes
                0x00000000000002cf       0x33 Drivers/STM32F1xx_HAL_Driver/Src/stm32f1xx_hal_uart.o
 .ARM.attributes
                0x0000000000000302       0x33 Drivers/STM32F1xx_HAL_Driver/Src/stm32f1xx_ll_usb.o
 .ARM.attributes
                0x0000000000000335       0x33 Middlewares/ST/STM32_USB_Device_Library/Class/CustomHID/Src/usbd_customhid.o
 .ARM.attributes
                0x0000000000000368       0x33 Middlewares/ST/STM32_USB_Device_Library/Core/Src/usbd_core.o
 .ARM.attributes
                0x000000000000039b       0x33 Middlewares/ST/STM32_USB_Device_Library/Core/Src/usbd_ctlreq.o
 .ARM.attributes
                0x00000000000003ce       0x33 Middlewares/ST/STM32_USB_Device_Library/Core/Src/usbd_ioreq.o
 .ARM.attributes
                0x0000000000000401       0x33 USB_DEVICE/App/usb_device.o
 .ARM.attributes
                0x0000000000000434       0x33 USB_DEVICE/App/usbd_custom_hid_if.o
 .ARM.attributes
                0x0000000000000467       0x33 USB_DEVICE/App/usbd_desc.o
 .ARM.attributes
                0x000000000000049a       0x33 USB_DEVICE/Target/usbd_conf.o
 .ARM.attributes
                0x00000000000004cd       0x2d /opt/st/stm32cubeide_1.3.0/plugins/com.st.stm32cube.ide.mcu.externaltools.gnu-tools-for-stm32.7-2018-q2-update.linux64_1.0.0.201904181610/tools/bin/../lib/gcc/arm-none-eabi/7.3.1/../../../../arm-none-eabi/lib/thumb/v7-m/libc_nano.a(lib_a-init.o)
 .ARM.attributes
                0x00000000000004fa       0x2d /opt/st/stm32cubeide_1.3.0/plugins/com.st.stm32cube.ide.mcu.externaltools.gnu-tools-for-stm32.7-2018-q2-update.linux64_1.0.0.201904181610/tools/bin/../lib/gcc/arm-none-eabi/7.3.1/../../../../arm-none-eabi/lib/thumb/v7-m/libc_nano.a(lib_a-memset.o)
 .ARM.attributes
                0x0000000000000527       0x1d /opt/st/stm32cubeide_1.3.0/plugins/com.st.stm32cube.ide.mcu.externaltools.gnu-tools-for-stm32.7-2018-q2-update.linux64_1.0.0.201904181610/tools/bin/../lib/gcc/arm-none-eabi/7.3.1/thumb/v7-m/crtn.o
OUTPUT(stm32f103.elf elf32-littlearm)

.debug_info     0x0000000000000000    0x1294a
 .debug_info    0x0000000000000000     0x1594 Core/Src/main.o
 .debug_info    0x0000000000001594      0x978 Core/Src/stm32f1xx_hal_msp.o
 .debug_info    0x0000000000001f0c      0xa91 Core/Src/stm32f1xx_it.o
 .debug_info    0x000000000000299d      0x29a Core/Src/system_stm32f1xx.o
 .debug_info    0x0000000000002c37       0x22 Core/Startup/startup_stm32f103c8tx.o
 .debug_info    0x0000000000002c59      0x714 Drivers/STM32F1xx_HAL_Driver/Src/stm32f1xx_hal.o
 .debug_info    0x000000000000336d      0xb51 Drivers/STM32F1xx_HAL_Driver/Src/stm32f1xx_hal_cortex.o
 .debug_info    0x0000000000003ebe      0x7b1 Drivers/STM32F1xx_HAL_Driver/Src/stm32f1xx_hal_dma.o
 .debug_info    0x000000000000466f      0x69b Drivers/STM32F1xx_HAL_Driver/Src/stm32f1xx_hal_gpio.o
 .debug_info    0x0000000000004d0a     0x122f Drivers/STM32F1xx_HAL_Driver/Src/stm32f1xx_hal_pcd.o
 .debug_info    0x0000000000005f39      0x785 Drivers/STM32F1xx_HAL_Driver/Src/stm32f1xx_hal_pcd_ex.o
 .debug_info    0x00000000000066be      0x80f Drivers/STM32F1xx_HAL_Driver/Src/stm32f1xx_hal_rcc.o
 .debug_info    0x0000000000006ecd      0x444 Drivers/STM32F1xx_HAL_Driver/Src/stm32f1xx_hal_rcc_ex.o
 .debug_info    0x0000000000007311     0x121b Drivers/STM32F1xx_HAL_Driver/Src/stm32f1xx_hal_uart.o
 .debug_info    0x000000000000852c     0x17e7 Drivers/STM32F1xx_HAL_Driver/Src/stm32f1xx_ll_usb.o
 .debug_info    0x0000000000009d13     0x11d5 Middlewares/ST/STM32_USB_Device_Library/Class/CustomHID/Src/usbd_customhid.o
 .debug_info    0x000000000000aee8     0x11d2 Middlewares/ST/STM32_USB_Device_Library/Core/Src/usbd_core.o
 .debug_info    0x000000000000c0ba     0x1142 Middlewares/ST/STM32_USB_Device_Library/Core/Src/usbd_ctlreq.o
 .debug_info    0x000000000000d1fc      0xf33 Middlewares/ST/STM32_USB_Device_Library/Core/Src/usbd_ioreq.o
 .debug_info    0x000000000000e12f      0xe56 USB_DEVICE/App/usb_device.o
 .debug_info    0x000000000000ef85      0xef4 USB_DEVICE/App/usbd_custom_hid_if.o
 .debug_info    0x000000000000fe79      0xd17 USB_DEVICE/App/usbd_desc.o
 .debug_info    0x0000000000010b90     0x1dba USB_DEVICE/Target/usbd_conf.o

.debug_abbrev   0x0000000000000000     0x2d6a
 .debug_abbrev  0x0000000000000000      0x247 Core/Src/main.o
 .debug_abbrev  0x0000000000000247      0x195 Core/Src/stm32f1xx_hal_msp.o
 .debug_abbrev  0x00000000000003dc      0x174 Core/Src/stm32f1xx_it.o
 .debug_abbrev  0x0000000000000550      0x134 Core/Src/system_stm32f1xx.o
 .debug_abbrev  0x0000000000000684       0x12 Core/Startup/startup_stm32f103c8tx.o
 .debug_abbrev  0x0000000000000696      0x1c7 Drivers/STM32F1xx_HAL_Driver/Src/stm32f1xx_hal.o
 .debug_abbrev  0x000000000000085d      0x2d5 Drivers/STM32F1xx_HAL_Driver/Src/stm32f1xx_hal_cortex.o
 .debug_abbrev  0x0000000000000b32      0x1fe Drivers/STM32F1xx_HAL_Driver/Src/stm32f1xx_hal_dma.o
 .debug_abbrev  0x0000000000000d30      0x1c0 Drivers/STM32F1xx_HAL_Driver/Src/stm32f1xx_hal_gpio.o
 .debug_abbrev  0x0000000000000ef0      0x268 Drivers/STM32F1xx_HAL_Driver/Src/stm32f1xx_hal_pcd.o
 .debug_abbrev  0x0000000000001158      0x188 Drivers/STM32F1xx_HAL_Driver/Src/stm32f1xx_hal_pcd_ex.o
 .debug_abbrev  0x00000000000012e0      0x243 Drivers/STM32F1xx_HAL_Driver/Src/stm32f1xx_hal_rcc.o
 .debug_abbrev  0x0000000000001523      0x175 Drivers/STM32F1xx_HAL_Driver/Src/stm32f1xx_hal_rcc_ex.o
 .debug_abbrev  0x0000000000001698      0x242 Drivers/STM32F1xx_HAL_Driver/Src/stm32f1xx_hal_uart.o
 .debug_abbrev  0x00000000000018da      0x1d2 Drivers/STM32F1xx_HAL_Driver/Src/stm32f1xx_ll_usb.o
 .debug_abbrev  0x0000000000001aac      0x2a1 Middlewares/ST/STM32_USB_Device_Library/Class/CustomHID/Src/usbd_customhid.o
 .debug_abbrev  0x0000000000001d4d      0x270 Middlewares/ST/STM32_USB_Device_Library/Core/Src/usbd_core.o
 .debug_abbrev  0x0000000000001fbd      0x2a0 Middlewares/ST/STM32_USB_Device_Library/Core/Src/usbd_ctlreq.o
 .debug_abbrev  0x000000000000225d      0x1e0 Middlewares/ST/STM32_USB_Device_Library/Core/Src/usbd_ioreq.o
 .debug_abbrev  0x000000000000243d      0x1be USB_DEVICE/App/usb_device.o
 .debug_abbrev  0x00000000000025fb      0x204 USB_DEVICE/App/usbd_custom_hid_if.o
 .debug_abbrev  0x00000000000027ff      0x290 USB_DEVICE/App/usbd_desc.o
 .debug_abbrev  0x0000000000002a8f      0x2db USB_DEVICE/Target/usbd_conf.o

.debug_aranges  0x0000000000000000      0xc98
 .debug_aranges
                0x0000000000000000       0x40 Core/Src/main.o
 .debug_aranges
                0x0000000000000040       0x30 Core/Src/stm32f1xx_hal_msp.o
 .debug_aranges
                0x0000000000000070       0x70 Core/Src/stm32f1xx_it.o
 .debug_aranges
                0x00000000000000e0       0x28 Core/Src/system_stm32f1xx.o
 .debug_aranges
                0x0000000000000108       0x28 Core/Startup/startup_stm32f103c8tx.o
 .debug_aranges
                0x0000000000000130       0xe0 Drivers/STM32F1xx_HAL_Driver/Src/stm32f1xx_hal.o
 .debug_aranges
                0x0000000000000210      0x100 Drivers/STM32F1xx_HAL_Driver/Src/stm32f1xx_hal_cortex.o
 .debug_aranges
                0x0000000000000310       0x80 Drivers/STM32F1xx_HAL_Driver/Src/stm32f1xx_hal_dma.o
 .debug_aranges
                0x0000000000000390       0x58 Drivers/STM32F1xx_HAL_Driver/Src/stm32f1xx_hal_gpio.o
 .debug_aranges
                0x00000000000003e8      0x138 Drivers/STM32F1xx_HAL_Driver/Src/stm32f1xx_hal_pcd.o
 .debug_aranges
                0x0000000000000520       0x38 Drivers/STM32F1xx_HAL_Driver/Src/stm32f1xx_hal_pcd_ex.o
 .debug_aranges
                0x0000000000000558       0x90 Drivers/STM32F1xx_HAL_Driver/Src/stm32f1xx_hal_rcc.o
 .debug_aranges
                0x00000000000005e8       0x30 Drivers/STM32F1xx_HAL_Driver/Src/stm32f1xx_hal_rcc_ex.o
 .debug_aranges
                0x0000000000000618      0x1d0 Drivers/STM32F1xx_HAL_Driver/Src/stm32f1xx_hal_uart.o
 .debug_aranges
                0x00000000000007e8       0xf0 Drivers/STM32F1xx_HAL_Driver/Src/stm32f1xx_ll_usb.o
 .debug_aranges
                0x00000000000008d8       0x68 Middlewares/ST/STM32_USB_Device_Library/Class/CustomHID/Src/usbd_customhid.o
 .debug_aranges
                0x0000000000000940       0xb8 Middlewares/ST/STM32_USB_Device_Library/Core/Src/usbd_core.o
 .debug_aranges
                0x00000000000009f8       0x88 Middlewares/ST/STM32_USB_Device_Library/Core/Src/usbd_ctlreq.o
 .debug_aranges
                0x0000000000000a80       0x50 Middlewares/ST/STM32_USB_Device_Library/Core/Src/usbd_ioreq.o
 .debug_aranges
                0x0000000000000ad0       0x20 USB_DEVICE/App/usb_device.o
 .debug_aranges
                0x0000000000000af0       0x30 USB_DEVICE/App/usbd_custom_hid_if.o
 .debug_aranges
                0x0000000000000b20       0x60 USB_DEVICE/App/usbd_desc.o
 .debug_aranges
                0x0000000000000b80      0x118 USB_DEVICE/Target/usbd_conf.o

.debug_ranges   0x0000000000000000      0xb30
 .debug_ranges  0x0000000000000000       0x30 Core/Src/main.o
 .debug_ranges  0x0000000000000030       0x20 Core/Src/stm32f1xx_hal_msp.o
 .debug_ranges  0x0000000000000050       0x60 Core/Src/stm32f1xx_it.o
 .debug_ranges  0x00000000000000b0       0x18 Core/Src/system_stm32f1xx.o
 .debug_ranges  0x00000000000000c8       0x20 Core/Startup/startup_stm32f103c8tx.o
 .debug_ranges  0x00000000000000e8       0xd0 Drivers/STM32F1xx_HAL_Driver/Src/stm32f1xx_hal.o
 .debug_ranges  0x00000000000001b8       0xf0 Drivers/STM32F1xx_HAL_Driver/Src/stm32f1xx_hal_cortex.o
 .debug_ranges  0x00000000000002a8       0x70 Drivers/STM32F1xx_HAL_Driver/Src/stm32f1xx_hal_dma.o
 .debug_ranges  0x0000000000000318       0x48 Drivers/STM32F1xx_HAL_Driver/Src/stm32f1xx_hal_gpio.o
 .debug_ranges  0x0000000000000360      0x128 Drivers/STM32F1xx_HAL_Driver/Src/stm32f1xx_hal_pcd.o
 .debug_ranges  0x0000000000000488       0x28 Drivers/STM32F1xx_HAL_Driver/Src/stm32f1xx_hal_pcd_ex.o
 .debug_ranges  0x00000000000004b0       0x80 Drivers/STM32F1xx_HAL_Driver/Src/stm32f1xx_hal_rcc.o
 .debug_ranges  0x0000000000000530       0x20 Drivers/STM32F1xx_HAL_Driver/Src/stm32f1xx_hal_rcc_ex.o
 .debug_ranges  0x0000000000000550      0x1c0 Drivers/STM32F1xx_HAL_Driver/Src/stm32f1xx_hal_uart.o
 .debug_ranges  0x0000000000000710       0xe0 Drivers/STM32F1xx_HAL_Driver/Src/stm32f1xx_ll_usb.o
 .debug_ranges  0x00000000000007f0       0x58 Middlewares/ST/STM32_USB_Device_Library/Class/CustomHID/Src/usbd_customhid.o
 .debug_ranges  0x0000000000000848       0xa8 Middlewares/ST/STM32_USB_Device_Library/Core/Src/usbd_core.o
 .debug_ranges  0x00000000000008f0       0x78 Middlewares/ST/STM32_USB_Device_Library/Core/Src/usbd_ctlreq.o
 .debug_ranges  0x0000000000000968       0x40 Middlewares/ST/STM32_USB_Device_Library/Core/Src/usbd_ioreq.o
 .debug_ranges  0x00000000000009a8       0x10 USB_DEVICE/App/usb_device.o
 .debug_ranges  0x00000000000009b8       0x20 USB_DEVICE/App/usbd_custom_hid_if.o
 .debug_ranges  0x00000000000009d8       0x50 USB_DEVICE/App/usbd_desc.o
 .debug_ranges  0x0000000000000a28      0x108 USB_DEVICE/Target/usbd_conf.o

.debug_macro    0x0000000000000000    0x19c34
 .debug_macro   0x0000000000000000      0x3de Core/Src/main.o
 .debug_macro   0x00000000000003de      0xa5a Core/Src/main.o
 .debug_macro   0x0000000000000e38      0x21b Core/Src/main.o
 .debug_macro   0x0000000000001053       0x2e Core/Src/main.o
 .debug_macro   0x0000000000001081       0x22 Core/Src/main.o
 .debug_macro   0x00000000000010a3       0x22 Core/Src/main.o
 .debug_macro   0x00000000000010c5       0x8e Core/Src/main.o
 .debug_macro   0x0000000000001153       0x51 Core/Src/main.o
 .debug_macro   0x00000000000011a4       0xef Core/Src/main.o
 .debug_macro   0x0000000000001293       0x6a Core/Src/main.o
 .debug_macro   0x00000000000012fd      0x1df Core/Src/main.o
 .debug_macro   0x00000000000014dc       0x1c Core/Src/main.o
 .debug_macro   0x00000000000014f8       0x22 Core/Src/main.o
 .debug_macro   0x000000000000151a       0xc3 Core/Src/main.o
 .debug_macro   0x00000000000015dd      0xd23 Core/Src/main.o
 .debug_macro   0x0000000000002300     0xe097 Core/Src/main.o
 .debug_macro   0x0000000000010397       0x43 Core/Src/main.o
 .debug_macro   0x00000000000103da     0x3468 Core/Src/main.o
 .debug_macro   0x0000000000013842      0x174 Core/Src/main.o
 .debug_macro   0x00000000000139b6       0x5c Core/Src/main.o
 .debug_macro   0x0000000000013a12      0x5be Core/Src/main.o
 .debug_macro   0x0000000000013fd0      0x289 Core/Src/main.o
 .debug_macro   0x0000000000014259      0x1cb Core/Src/main.o
 .debug_macro   0x0000000000014424      0x114 Core/Src/main.o
 .debug_macro   0x0000000000014538      0x1b2 Core/Src/main.o
 .debug_macro   0x00000000000146ea       0x27 Core/Src/main.o
 .debug_macro   0x0000000000014711      0x136 Core/Src/main.o
 .debug_macro   0x0000000000014847      0x1bc Core/Src/main.o
 .debug_macro   0x0000000000014a03       0x34 Core/Src/main.o
 .debug_macro   0x0000000000014a37       0x3c Core/Src/main.o
 .debug_macro   0x0000000000014a73       0x57 Core/Src/main.o
 .debug_macro   0x0000000000014aca       0x88 Core/Src/main.o
 .debug_macro   0x0000000000014b52      0x241 Core/Src/main.o
 .debug_macro   0x0000000000014d93      0x141 Core/Src/main.o
 .debug_macro   0x0000000000014ed4      0x26b Core/Src/main.o
 .debug_macro   0x000000000001513f       0x65 Core/Src/main.o
 .debug_macro   0x00000000000151a4      0x249 Core/Src/main.o
 .debug_macro   0x00000000000153ed       0x83 Core/Src/main.o
 .debug_macro   0x0000000000015470       0x10 Core/Src/main.o
 .debug_macro   0x0000000000015480       0x46 Core/Src/main.o
 .debug_macro   0x00000000000154c6       0x18 Core/Src/main.o
 .debug_macro   0x00000000000154de       0x3c Core/Src/main.o
 .debug_macro   0x000000000001551a       0x34 Core/Src/main.o
 .debug_macro   0x000000000001554e       0x16 Core/Src/main.o
 .debug_macro   0x0000000000015564       0x35 Core/Src/main.o
 .debug_macro   0x0000000000015599      0x32a Core/Src/main.o
 .debug_macro   0x00000000000158c3       0x10 Core/Src/main.o
 .debug_macro   0x00000000000158d3       0x52 Core/Src/main.o
 .debug_macro   0x0000000000015925       0x1f Core/Src/main.o
 .debug_macro   0x0000000000015944       0x43 Core/Src/main.o
 .debug_macro   0x0000000000015987       0x20 Core/Src/main.o
 .debug_macro   0x00000000000159a7      0x1a3 Core/Src/main.o
 .debug_macro   0x0000000000015b4a       0x10 Core/Src/main.o
 .debug_macro   0x0000000000015b5a       0x1c Core/Src/main.o
 .debug_macro   0x0000000000015b76       0x52 Core/Src/main.o
 .debug_macro   0x0000000000015bc8       0x40 Core/Src/main.o
 .debug_macro   0x0000000000015c08       0x10 Core/Src/main.o
 .debug_macro   0x0000000000015c18       0x40 Core/Src/main.o
 .debug_macro   0x0000000000015c58       0xd7 Core/Src/main.o
 .debug_macro   0x0000000000015d2f       0x1c Core/Src/main.o
 .debug_macro   0x0000000000015d4b       0x3d Core/Src/main.o
 .debug_macro   0x0000000000015d88       0x16 Core/Src/main.o
 .debug_macro   0x0000000000015d9e      0x145 Core/Src/main.o
 .debug_macro   0x0000000000015ee3       0x16 Core/Src/main.o
 .debug_macro   0x0000000000015ef9       0x16 Core/Src/main.o
 .debug_macro   0x0000000000015f0f       0x29 Core/Src/main.o
 .debug_macro   0x0000000000015f38       0x16 Core/Src/main.o
 .debug_macro   0x0000000000015f4e       0x20 Core/Src/main.o
 .debug_macro   0x0000000000015f6e       0x6c Core/Src/main.o
 .debug_macro   0x0000000000015fda      0x1c8 Core/Src/main.o
 .debug_macro   0x00000000000161a2       0x65 Core/Src/main.o
 .debug_macro   0x0000000000016207      0x1c1 Core/Src/stm32f1xx_hal_msp.o
 .debug_macro   0x00000000000163c8      0x1cb Core/Src/stm32f1xx_it.o
 .debug_macro   0x0000000000016593      0x1b2 Core/Src/system_stm32f1xx.o
 .debug_macro   0x0000000000016745      0x1d6 Drivers/STM32F1xx_HAL_Driver/Src/stm32f1xx_hal.o
 .debug_macro   0x000000000001691b      0x1b2 Drivers/STM32F1xx_HAL_Driver/Src/stm32f1xx_hal_cortex.o
 .debug_macro   0x0000000000016acd      0x1b2 Drivers/STM32F1xx_HAL_Driver/Src/stm32f1xx_hal_dma.o
 .debug_macro   0x0000000000016c7f      0x21d Drivers/STM32F1xx_HAL_Driver/Src/stm32f1xx_hal_gpio.o
 .debug_macro   0x0000000000016e9c      0x1be Drivers/STM32F1xx_HAL_Driver/Src/stm32f1xx_hal_pcd.o
 .debug_macro   0x000000000001705a      0x1b2 Drivers/STM32F1xx_HAL_Driver/Src/stm32f1xx_hal_pcd_ex.o
 .debug_macro   0x000000000001720c      0x1c4 Drivers/STM32F1xx_HAL_Driver/Src/stm32f1xx_hal_rcc.o
 .debug_macro   0x00000000000173d0      0x1b2 Drivers/STM32F1xx_HAL_Driver/Src/stm32f1xx_hal_rcc_ex.o
 .debug_macro   0x0000000000017582      0x1b3 Drivers/STM32F1xx_HAL_Driver/Src/stm32f1xx_hal_uart.o
 .debug_macro   0x0000000000017735      0x1b2 Drivers/STM32F1xx_HAL_Driver/Src/stm32f1xx_ll_usb.o
 .debug_macro   0x00000000000178e7      0x3ce Middlewares/ST/STM32_USB_Device_Library/Class/CustomHID/Src/usbd_customhid.o
 .debug_macro   0x0000000000017cb5       0x97 Middlewares/ST/STM32_USB_Device_Library/Class/CustomHID/Src/usbd_customhid.o
 .debug_macro   0x0000000000017d4c       0xfd Middlewares/ST/STM32_USB_Device_Library/Class/CustomHID/Src/usbd_customhid.o
 .debug_macro   0x0000000000017e49       0xbd Middlewares/ST/STM32_USB_Device_Library/Class/CustomHID/Src/usbd_customhid.o
 .debug_macro   0x0000000000017f06       0x56 Middlewares/ST/STM32_USB_Device_Library/Class/CustomHID/Src/usbd_customhid.o
 .debug_macro   0x0000000000017f5c      0x3b5 Middlewares/ST/STM32_USB_Device_Library/Core/Src/usbd_core.o
 .debug_macro   0x0000000000018311      0x1ce Middlewares/ST/STM32_USB_Device_Library/Core/Src/usbd_core.o
 .debug_macro   0x00000000000184df      0x3bf Middlewares/ST/STM32_USB_Device_Library/Core/Src/usbd_ctlreq.o
 .debug_macro   0x000000000001889e      0x3bb Middlewares/ST/STM32_USB_Device_Library/Core/Src/usbd_ioreq.o
 .debug_macro   0x0000000000018c59      0x3ef USB_DEVICE/App/usb_device.o
 .debug_macro   0x0000000000019048       0x16 USB_DEVICE/App/usb_device.o
 .debug_macro   0x000000000001905e       0x22 USB_DEVICE/App/usb_device.o
 .debug_macro   0x0000000000019080      0x3d4 USB_DEVICE/App/usbd_custom_hid_if.o
 .debug_macro   0x0000000000019454      0x3f2 USB_DEVICE/App/usbd_desc.o
 .debug_macro   0x0000000000019846       0x1c USB_DEVICE/App/usbd_desc.o
 .debug_macro   0x0000000000019862      0x3d2 USB_DEVICE/Target/usbd_conf.o

.debug_line     0x0000000000000000     0xd7e2
 .debug_line    0x0000000000000000      0xa0c Core/Src/main.o
 .debug_line    0x0000000000000a0c      0x69e Core/Src/stm32f1xx_hal_msp.o
 .debug_line    0x00000000000010aa      0x731 Core/Src/stm32f1xx_it.o
 .debug_line    0x00000000000017db      0x691 Core/Src/system_stm32f1xx.o
 .debug_line    0x0000000000001e6c       0x84 Core/Startup/startup_stm32f103c8tx.o
 .debug_line    0x0000000000001ef0      0x844 Drivers/STM32F1xx_HAL_Driver/Src/stm32f1xx_hal.o
 .debug_line    0x0000000000002734      0x91b Drivers/STM32F1xx_HAL_Driver/Src/stm32f1xx_hal_cortex.o
 .debug_line    0x000000000000304f      0xaa9 Drivers/STM32F1xx_HAL_Driver/Src/stm32f1xx_hal_dma.o
 .debug_line    0x0000000000003af8      0x840 Drivers/STM32F1xx_HAL_Driver/Src/stm32f1xx_hal_gpio.o
 .debug_line    0x0000000000004338      0xca8 Drivers/STM32F1xx_HAL_Driver/Src/stm32f1xx_hal_pcd.o
 .debug_line    0x0000000000004fe0      0x6b5 Drivers/STM32F1xx_HAL_Driver/Src/stm32f1xx_hal_pcd_ex.o
 .debug_line    0x0000000000005695      0x904 Drivers/STM32F1xx_HAL_Driver/Src/stm32f1xx_hal_rcc.o
 .debug_line    0x0000000000005f99      0x722 Drivers/STM32F1xx_HAL_Driver/Src/stm32f1xx_hal_rcc_ex.o
 .debug_line    0x00000000000066bb      0xf82 Drivers/STM32F1xx_HAL_Driver/Src/stm32f1xx_hal_uart.o
 .debug_line    0x000000000000763d      0xcdd Drivers/STM32F1xx_HAL_Driver/Src/stm32f1xx_ll_usb.o
 .debug_line    0x000000000000831a      0xaa6 Middlewares/ST/STM32_USB_Device_Library/Class/CustomHID/Src/usbd_customhid.o
 .debug_line    0x0000000000008dc0      0xb52 Middlewares/ST/STM32_USB_Device_Library/Core/Src/usbd_core.o
 .debug_line    0x0000000000009912      0xbdb Middlewares/ST/STM32_USB_Device_Library/Core/Src/usbd_ctlreq.o
 .debug_line    0x000000000000a4ed      0x9bb Middlewares/ST/STM32_USB_Device_Library/Core/Src/usbd_ioreq.o
 .debug_line    0x000000000000aea8      0x9b0 USB_DEVICE/App/usb_device.o
 .debug_line    0x000000000000b858      0x9b7 USB_DEVICE/App/usbd_custom_hid_if.o
 .debug_line    0x000000000000c20f      0x9ef USB_DEVICE/App/usbd_desc.o
 .debug_line    0x000000000000cbfe      0xbe4 USB_DEVICE/Target/usbd_conf.o

.debug_str      0x0000000000000000    0x86da9
 .debug_str     0x0000000000000000    0x83f69 Core/Src/main.o
                                      0x84427 (size before relaxing)
 .debug_str     0x0000000000083f69      0x2e8 Core/Src/stm32f1xx_hal_msp.o
                                      0x7f335 (size before relaxing)
 .debug_str     0x0000000000084251      0x3b0 Core/Src/stm32f1xx_it.o
                                      0x7f350 (size before relaxing)
 .debug_str     0x0000000000084601       0x52 Core/Src/system_stm32f1xx.o
                                      0x7ec15 (size before relaxing)
 .debug_str     0x0000000000084653       0x36 Core/Startup/startup_stm32f103c8tx.o
                                         0x71 (size before relaxing)
 .debug_str     0x0000000000084689      0x2fa Drivers/STM32F1xx_HAL_Driver/Src/stm32f1xx_hal.o
                                      0x7f2a6 (size before relaxing)
 .debug_str     0x0000000000084983      0x2d8 Drivers/STM32F1xx_HAL_Driver/Src/stm32f1xx_hal_cortex.o
                                      0x7f2ae (size before relaxing)
 .debug_str     0x0000000000084c5b      0x23a Drivers/STM32F1xx_HAL_Driver/Src/stm32f1xx_hal_dma.o
                                      0x7eff0 (size before relaxing)
 .debug_str     0x0000000000084e95      0x31f Drivers/STM32F1xx_HAL_Driver/Src/stm32f1xx_hal_gpio.o
                                      0x7efd9 (size before relaxing)
 .debug_str     0x00000000000851b4      0x3e5 Drivers/STM32F1xx_HAL_Driver/Src/stm32f1xx_hal_pcd.o
                                      0x7f368 (size before relaxing)
 .debug_str     0x0000000000085599      0x18d Drivers/STM32F1xx_HAL_Driver/Src/stm32f1xx_hal_pcd_ex.o
                                      0x7f0b5 (size before relaxing)
 .debug_str     0x0000000000085726      0x24f Drivers/STM32F1xx_HAL_Driver/Src/stm32f1xx_hal_rcc.o
                                      0x7f012 (size before relaxing)
 .debug_str     0x0000000000085975       0xb9 Drivers/STM32F1xx_HAL_Driver/Src/stm32f1xx_hal_rcc_ex.o
                                      0x7ed9f (size before relaxing)
 .debug_str     0x0000000000085a2e      0x533 Drivers/STM32F1xx_HAL_Driver/Src/stm32f1xx_hal_uart.o
                                      0x7f518 (size before relaxing)
 .debug_str     0x0000000000085f61      0x2a1 Drivers/STM32F1xx_HAL_Driver/Src/stm32f1xx_ll_usb.o
                                      0x7f0e8 (size before relaxing)
 .debug_str     0x0000000000086202      0x2d4 Middlewares/ST/STM32_USB_Device_Library/Class/CustomHID/Src/usbd_customhid.o
                                      0x84095 (size before relaxing)
 .debug_str     0x00000000000864d6      0x1b5 Middlewares/ST/STM32_USB_Device_Library/Core/Src/usbd_core.o
                                      0x83d96 (size before relaxing)
 .debug_str     0x000000000008668b      0x12f Middlewares/ST/STM32_USB_Device_Library/Core/Src/usbd_ctlreq.o
                                      0x83d1c (size before relaxing)
 .debug_str     0x00000000000867ba       0xc9 Middlewares/ST/STM32_USB_Device_Library/Core/Src/usbd_ioreq.o
                                      0x83ca4 (size before relaxing)
 .debug_str     0x0000000000086883       0xe6 USB_DEVICE/App/usb_device.o
                                      0x83f21 (size before relaxing)
 .debug_str     0x0000000000086969       0x7f USB_DEVICE/App/usbd_custom_hid_if.o
                                      0x83f06 (size before relaxing)
 .debug_str     0x00000000000869e8      0x26d USB_DEVICE/App/usbd_desc.o
                                      0x83c24 (size before relaxing)
 .debug_str     0x0000000000086c55      0x154 USB_DEVICE/Target/usbd_conf.o
                                      0x847ed (size before relaxing)

.comment        0x0000000000000000       0x7b
 .comment       0x0000000000000000       0x7b Core/Src/main.o
                                         0x7c (size before relaxing)
 .comment       0x000000000000007b       0x7c Core/Src/stm32f1xx_hal_msp.o
 .comment       0x000000000000007b       0x7c Core/Src/stm32f1xx_it.o
 .comment       0x000000000000007b       0x7c Core/Src/system_stm32f1xx.o
 .comment       0x000000000000007b       0x7c Drivers/STM32F1xx_HAL_Driver/Src/stm32f1xx_hal.o
 .comment       0x000000000000007b       0x7c Drivers/STM32F1xx_HAL_Driver/Src/stm32f1xx_hal_cortex.o
 .comment       0x000000000000007b       0x7c Drivers/STM32F1xx_HAL_Driver/Src/stm32f1xx_hal_dma.o
 .comment       0x000000000000007b       0x7c Drivers/STM32F1xx_HAL_Driver/Src/stm32f1xx_hal_gpio.o
 .comment       0x000000000000007b       0x7c Drivers/STM32F1xx_HAL_Driver/Src/stm32f1xx_hal_pcd.o
 .comment       0x000000000000007b       0x7c Drivers/STM32F1xx_HAL_Driver/Src/stm32f1xx_hal_pcd_ex.o
 .comment       0x000000000000007b       0x7c Drivers/STM32F1xx_HAL_Driver/Src/stm32f1xx_hal_rcc.o
 .comment       0x000000000000007b       0x7c Drivers/STM32F1xx_HAL_Driver/Src/stm32f1xx_hal_rcc_ex.o
 .comment       0x000000000000007b       0x7c Drivers/STM32F1xx_HAL_Driver/Src/stm32f1xx_hal_uart.o
 .comment       0x000000000000007b       0x7c Drivers/STM32F1xx_HAL_Driver/Src/stm32f1xx_ll_usb.o
 .comment       0x000000000000007b       0x7c Middlewares/ST/STM32_USB_Device_Library/Class/CustomHID/Src/usbd_customhid.o
 .comment       0x000000000000007b       0x7c Middlewares/ST/STM32_USB_Device_Library/Core/Src/usbd_core.o
 .comment       0x000000000000007b       0x7c Middlewares/ST/STM32_USB_Device_Library/Core/Src/usbd_ctlreq.o
 .comment       0x000000000000007b       0x7c Middlewares/ST/STM32_USB_Device_Library/Core/Src/usbd_ioreq.o
 .comment       0x000000000000007b       0x7c USB_DEVICE/App/usb_device.o
 .comment       0x000000000000007b       0x7c USB_DEVICE/App/usbd_custom_hid_if.o
 .comment       0x000000000000007b       0x7c USB_DEVICE/App/usbd_desc.o
 .comment       0x000000000000007b       0x7c USB_DEVICE/Target/usbd_conf.o

.debug_frame    0x0000000000000000     0x316c
 .debug_frame   0x0000000000000000       0xb4 Core/Src/main.o
 .debug_frame   0x00000000000000b4       0x80 Core/Src/stm32f1xx_hal_msp.o
 .debug_frame   0x0000000000000134      0x144 Core/Src/stm32f1xx_it.o
 .debug_frame   0x0000000000000278       0x58 Core/Src/system_stm32f1xx.o
 .debug_frame   0x00000000000002d0      0x334 Drivers/STM32F1xx_HAL_Driver/Src/stm32f1xx_hal.o
 .debug_frame   0x0000000000000604      0x428 Drivers/STM32F1xx_HAL_Driver/Src/stm32f1xx_hal_cortex.o
 .debug_frame   0x0000000000000a2c      0x208 Drivers/STM32F1xx_HAL_Driver/Src/stm32f1xx_hal_dma.o
 .debug_frame   0x0000000000000c34      0x14c Drivers/STM32F1xx_HAL_Driver/Src/stm32f1xx_hal_gpio.o
 .debug_frame   0x0000000000000d80      0x578 Drivers/STM32F1xx_HAL_Driver/Src/stm32f1xx_hal_pcd.o
 .debug_frame   0x00000000000012f8       0xb0 Drivers/STM32F1xx_HAL_Driver/Src/stm32f1xx_hal_pcd_ex.o
 .debug_frame   0x00000000000013a8      0x21c Drivers/STM32F1xx_HAL_Driver/Src/stm32f1xx_hal_rcc.o
 .debug_frame   0x00000000000015c4       0x84 Drivers/STM32F1xx_HAL_Driver/Src/stm32f1xx_hal_rcc_ex.o
 .debug_frame   0x0000000000001648      0x834 Drivers/STM32F1xx_HAL_Driver/Src/stm32f1xx_hal_uart.o
 .debug_frame   0x0000000000001e7c      0x450 Drivers/STM32F1xx_HAL_Driver/Src/stm32f1xx_ll_usb.o
 .debug_frame   0x00000000000022cc      0x188 Middlewares/ST/STM32_USB_Device_Library/Class/CustomHID/Src/usbd_customhid.o
 .debug_frame   0x0000000000002454      0x300 Middlewares/ST/STM32_USB_Device_Library/Core/Src/usbd_core.o
 .debug_frame   0x0000000000002754      0x218 Middlewares/ST/STM32_USB_Device_Library/Core/Src/usbd_ctlreq.o
 .debug_frame   0x000000000000296c      0x10c Middlewares/ST/STM32_USB_Device_Library/Core/Src/usbd_ioreq.o
 .debug_frame   0x0000000000002a78       0x2c USB_DEVICE/App/usb_device.o
 .debug_frame   0x0000000000002aa4       0x78 USB_DEVICE/App/usbd_custom_hid_if.o
 .debug_frame   0x0000000000002b1c      0x160 USB_DEVICE/App/usbd_desc.o
 .debug_frame   0x0000000000002c7c      0x4a4 USB_DEVICE/Target/usbd_conf.o
 .debug_frame   0x0000000000003120       0x2c /opt/st/stm32cubeide_1.3.0/plugins/com.st.stm32cube.ide.mcu.externaltools.gnu-tools-for-stm32.7-2018-q2-update.linux64_1.0.0.201904181610/tools/bin/../lib/gcc/arm-none-eabi/7.3.1/../../../../arm-none-eabi/lib/thumb/v7-m/libc_nano.a(lib_a-init.o)
 .debug_frame   0x000000000000314c       0x20 /opt/st/stm32cubeide_1.3.0/plugins/com.st.stm32cube.ide.mcu.externaltools.gnu-tools-for-stm32.7-2018-q2-update.linux64_1.0.0.201904181610/tools/bin/../lib/gcc/arm-none-eabi/7.3.1/../../../../arm-none-eabi/lib/thumb/v7-m/libc_nano.a(lib_a-memset.o)
